    Checking libc v0.2.189
    Checking cfg-if v1.0.4
    Checking serde_core v1.0.229
    Checking memchr v2.8.3
    Checking itoa v1.0.18
    Checking libm v0.2.16
    Checking fnv v1.0.7
    Checking hashbrown v0.17.1
    Checking smallvec v1.15.2
    Checking log v0.4.33
    Checking equivalent v1.0.2
    Checking typenum v1.20.1
    Checking indexmap v2.14.0
   Compiling syn v3.0.3
   Compiling num-traits v0.2.19
    Checking zerofrom v0.1.8
    Checking stable_deref_trait v1.2.1
    Checking yoke v0.8.3
    Checking alloc-no-stdlib v2.0.4
    Checking alloc-stdlib v0.2.4
    Checking byteorder v1.5.0
    Checking bitflags v2.13.1
    Checking zerovec v0.11.6
    Checking crc32fast v1.5.0
    Checking brotli-decompressor v5.0.3
   Compiling serde_derive v1.0.229
    Checking hybrid-array v0.4.14
    Checking bytemuck v1.25.2
    Checking unicode-width v0.2.2
    Checking safe_arch v0.7.4
    Checking brotli v8.0.4
    Checking serde v1.0.229
    Checking zmij v1.0.23
    Checking pin-project-lite v0.2.17
    Checking base64 v0.22.1
    Checking serde_json v1.0.151
    Checking wide v0.7.33
    Checking crypto-common v0.2.2
    Checking block-buffer v0.12.1
    Checking num-complex v0.4.6
    Checking num-integer v0.1.46
    Checking approx v0.5.1
    Checking bytecount v0.6.9
    Checking rawpointer v0.2.1
    Checking papergrid v0.17.0
    Checking matrixmultiply v0.3.11
    Checking simba v0.9.1
    Checking num-rational v0.4.2
    Checking digest v0.11.3
    Checking tinystr v0.8.3
    Checking cpufeatures v0.3.0
    Checking once_cell v1.21.4
    Checking writeable v0.6.3
    Checking unty v0.0.4
    Checking litemap v0.8.2
    Checking icu_locale_core v2.2.0
    Checking bincode v2.0.1
    Checking nalgebra v0.34.2
    Checking sha2 v0.11.0
    Checking tabled v0.20.0
    Checking zerotrie v0.2.4
    Checking potential_utf v0.1.5
    Checking utf8_iter v1.0.4
    Checking seahash v4.1.0
    Checking futures-core v0.3.33
    Checking bytes v1.12.1
    Checking icu_collections v2.2.0
    Checking icu_provider v2.2.0
    Checking generic-array v0.14.7
    Checking icu_properties_data v2.2.0
    Checking scopeguard v1.2.0
    Checking futures-sink v0.3.33
    Checking lock_api v0.4.14
    Checking icu_properties v2.2.0
    Checking mech-core v0.3.5 (/private/tmp/mech-syntax-s8c-qualification/src/core)
    Checking parking_lot_core v0.9.12
    Checking parking_lot v0.12.5
    Checking block-buffer v0.10.4
    Checking crypto-common v0.1.7
    Checking errno v0.3.14
    Checking slab v0.4.12
    Checking core-foundation-sys v0.8.7
    Checking digest v0.10.7
    Checking cpufeatures v0.2.17
    Checking signal-hook-registry v1.4.8
    Checking futures-task v0.3.33
    Checking futures-io v0.3.33
    Checking futures-util v0.3.33
    Checking mio v1.2.2
    Checking socket2 v0.6.5
    Checking tinyvec_macros v0.1.1
    Checking tinyvec v1.12.0
    Checking tokio v1.53.1
    Checking arrayvec v0.7.8
    Checking unicode-segmentation v1.13.3
    Checking unicode-normalization v0.1.25
    Checking crossbeam-utils v0.8.22
    Checking sha2 v0.10.9
   Compiling cranelift-srcgen v0.131.3
    Checking foldhash v0.2.0
    Checking colored v3.1.1
    Checking hashbrown v0.16.1
   Compiling cranelift-assembler-x64-meta v0.131.3
    Checking mech-syntax v0.3.5 (/private/tmp/mech-syntax-s8c-qualification/src/syntax)
    Checking mech-bytecode v0.3.5 (/private/tmp/mech-syntax-s8c-qualification/src/bytecode)
    Checking grapheme v1.3.0
    Checking aho-corasick v1.1.4
    Checking regex-syntax v0.8.11
   Compiling wasmtime-internal-core v44.0.3
    Checking same-file v1.0.6
    Checking walkdir v2.5.0
    Checking mech-engine v0.3.5 (/private/tmp/mech-syntax-s8c-qualification/src/engine)
    Checking regex-automata v0.4.16
    Checking crossbeam-epoch v0.9.20
    Checking http v1.4.2
    Checking bstr v1.13.0
    Checking globset v0.4.19
    Checking crossbeam-deque v0.8.7
    Checking getrandom v0.4.3
    Checking core-foundation v0.9.4
    Checking notify-types v2.1.0
    Checking fsevent-sys v4.1.0
    Checking arrayref v0.3.9
   Compiling cranelift-isle v0.131.3
    Checking constant_time_eq v0.4.2
   Compiling cfg_aliases v0.1.1
    Checking percent-encoding v2.3.2
    Checking blake3 v1.8.5
    Checking notify v8.2.0
    Checking uuid v1.24.0
    Checking ignore v0.4.31
    Checking icu_normalizer_data v2.2.0
    Checking httparse v1.10.1
    Checking tracing-core v0.1.36
   Compiling cranelift-codegen-shared v0.131.3
   Compiling heck v0.5.0
    Checking unicode-ident v1.0.24
    Checking wasm-bindgen-shared v0.2.126
   Compiling cranelift-codegen-meta v0.131.3
    Checking thiserror v1.0.69
    Checking tracing v0.1.44
    Checking icu_normalizer v2.2.0
    Checking zerocopy v0.8.55
    Checking mech-compute v0.3.5 (/private/tmp/mech-syntax-s8c-qualification/src/compute)
    Checking mech-runtime v0.3.5 (/private/tmp/mech-syntax-s8c-qualification/src/runtime)
    Checking cranelift-bitset v0.131.3
   Compiling cranelift-assembler-x64 v0.131.3
    Checking tokio-util v0.7.19
    Checking allocator-api2 v0.2.21
    Checking bitflags v1.3.2
   Compiling target-lexicon v0.13.5
    Checking zeroize v1.9.0
    Checking bumpalo v3.20.3
    Checking cranelift-entity v0.131.3
    Checking wasm-bindgen v0.2.126
   Compiling cranelift-codegen v0.131.3
    Checking ppv-lite86 v0.2.21
    Checking idna_adapter v1.2.2
    Checking form_urlencoded v1.2.2
    Checking aws-lc-sys v0.43.0
    Checking http v0.2.12
    Checking try-lock v0.2.5
    Checking tower-service v0.3.3
    Checking rustc-hash v2.1.3
    Checking arbitrary v1.4.2
    Checking regalloc2 v0.15.2
    Checking cranelift-control v0.131.3
    Checking want v0.3.1
    Checking aws-lc-rs v1.17.3
    Checking idna v1.1.0
    Checking js-sys v0.3.103
    Checking cranelift-bforest v0.131.3
    Checking rustls-pki-types v1.15.1
    Checking http-body v1.1.0
    Checking gimli v0.33.0
    Checking futures-channel v0.3.33
   Compiling foreign-types-macros v0.2.4
    Checking getrandom v0.2.17
    Checking malloc_buf v0.0.6
    Checking foreign-types-shared v0.3.1
    Checking unicode-width v0.1.14
    Checking bit-vec v0.6.3
    Checking untrusted v0.9.0
    Checking termcolor v1.4.1
    Checking codespan-reporting v0.11.1
    Checking rustls-webpki v0.103.13
    Checking bit-set v0.5.3
    Checking foreign-types v0.5.0
    Checking objc v0.2.7
    Checking rand_core v0.6.4
    Checking web-sys v0.3.103
    Checking url v2.5.8
    Checking core-graphics-types v0.1.3
   Compiling wgpu-hal v0.21.1
    Checking block v0.1.6
    Checking unicode-xid v0.2.6
   Compiling anyhow v1.0.104
    Checking subtle v2.6.1
    Checking mime v0.3.17
    Checking adler2 v2.0.1
    Checking simd-adler32 v0.3.10
    Checking rustc-hash v1.1.0
    Checking hexf-parse v0.2.1
    Checking atomic-waker v1.1.2
    Checking h2 v0.4.15
    Checking naga v0.20.0
    Checking miniz_oxide v0.8.9
    Checking rustls v0.23.42
    Checking metal v0.28.0
    Checking rand_chacha v0.3.1
    Checking system-configuration-sys v0.6.0
   Compiling wgpu-core v0.21.1
    Checking sha1 v0.10.7
    Checking wgpu-types v0.20.0
    Checking libloading v0.8.9
    Checking utf8parse v0.2.2
    Checking objc2-encode v4.1.0
    Checking raw-window-handle v0.6.2
    Checking profiling v1.0.18
    Checking objc2 v0.6.4
    Checking anstyle-parse v1.0.0
    Checking system-configuration v0.7.0
    Checking rand v0.8.7
    Checking getrandom v0.3.4
    Checking flate2 v1.1.9
    Checking hyper v1.11.0
   Compiling wgpu v0.20.1
    Checking security-framework-sys v2.17.0
    Checking iana-time-zone v0.1.65
    Checking core-foundation v0.10.1
    Checking sync_wrapper v1.0.2
   Compiling thiserror-impl v2.0.19
    Checking mach2 v0.4.3
    Checking encoding_rs v0.8.35
    Checking time-core v0.1.9
    Checking is_terminal_polyfill v1.70.2
    Checking compression-core v0.4.32
    Checking deranged v0.5.8
    Checking anstyle-query v1.1.5
    Checking either v1.16.0
    Checking num-conv v0.2.2
    Checking tower-layer v0.3.3
    Checking ryu v1.0.23
    Checking data-encoding v2.11.0
    Checking httpdate v1.0.3
    Checking ipnet v2.12.0
    Checking colorchoice v1.0.5
    Checking anstyle v1.0.14
    Checking powerfmt v0.2.0
    Checking winnow v1.0.4
    Checking utf-8 v0.7.6
    Checking tungstenite v0.21.0
    Checking toml_parser v1.1.2+spec-1.1.0
    Checking anstream v1.0.0
    Checking time v0.3.54
    Checking hyper-util v0.1.20
    Checking tower v0.5.3
    Checking itertools v0.14.0
    Checking compression-codecs v0.4.38
    Checking thiserror v2.0.19
    Checking region v3.0.2
    Checking security-framework v3.7.0
    Checking chrono v0.4.45
    Checking rand_core v0.9.5
    Checking cranelift-module v0.131.3
    Checking signal-hook v0.3.18
    Checking camino v1.2.5
    Checking block2 v0.6.2
    Checking tokio-rustls v0.26.4
    Checking cranelift-native v0.131.3
    Checking h2 v0.3.27
    Checking http-body v0.4.6
    Checking headers-core v0.2.0
    Checking wasmtime-internal-jit-icache-coherence v44.0.3
    Checking cargo-platform v0.3.3
    Checking semver v1.0.28
    Checking filetime v0.2.29
    Checking socket2 v0.5.10
    Checking clap_lex v1.1.0
   Compiling mech-stdlib v0.3.5 (/private/tmp/mech-syntax-s8c-qualification/src/stdlib)
    Checking spin v0.9.9
    Checking bit-vec v0.7.0
    Checking strsim v0.11.1
    Checking winnow v0.7.15
    Checking toml_writer v1.1.2+spec-1.1.0
    Checking base64 v0.21.7
    Checking toml_datetime v0.7.5+spec-1.1.0
    Checking unicase v2.9.0
    Checking static_assertions v1.1.0
    Checking crc-catalog v2.5.0
    Checking crc v3.4.0
    Checking toml_edit v0.23.10+spec-1.0.0
    Checking mime_guess v2.0.5
    Checking headers v0.3.9
    Checking clap_builder v4.6.2
    Checking bit-set v0.6.0
    Checking multer v2.1.0
    Checking hyper v0.14.32
    Checking pin-project v1.1.13
    Checking filetime_creation v0.2.0
    Checking cargo_metadata v0.23.1
    Checking cranelift-jit v0.131.3
    Checking hyper-rustls v0.27.9
    Checking nix v0.31.3
    Checking dispatch2 v0.3.1
    Checking signal-hook-mio v0.2.5
   Compiling mech v0.3.6 (/private/tmp/mech-syntax-s8c-qualification)
    Checking rand_chacha v0.9.0
    Checking mech-time v0.3.5 (/private/tmp/mech-syntax-s8c-qualification/hosts/time)
    Checking derive_more v2.1.1
    Checking rustls-platform-verifier v0.7.0
    Checking mech-combinatorics v0.3.5 (/private/tmp/mech-syntax-s8c-qualification/machines/combinatorics)
    Checking async-compression v0.4.42
    Checking tower-http v0.6.11
    Checking portable-atomic v1.14.0
    Checking nt-time v0.8.1
    Checking tokio-tungstenite v0.21.0
    Checking rustix v1.1.4
    Checking serde_urlencoded v0.7.1
    Checking cranelift-frontend v0.131.3
    Checking mech-scene v0.3.5 (/private/tmp/mech-syntax-s8c-qualification/hosts/scene)
    Checking mech-console v0.3.5 (/private/tmp/mech-syntax-s8c-qualification/hosts/console)
    Checking mech-timer v0.3.5 (/private/tmp/mech-syntax-s8c-qualification/hosts/timer)
    Checking http-body-util v0.1.4
    Checking mech-terminal v0.3.5 (/private/tmp/mech-syntax-s8c-qualification/hosts/terminal)
    Checking mech-logic v0.3.5 (/private/tmp/mech-syntax-s8c-qualification/machines/logic)
    Checking mech-compare v0.3.5 (/private/tmp/mech-syntax-s8c-qualification/machines/compare)
    Checking mech-set v0.3.5 (/private/tmp/mech-syntax-s8c-qualification/machines/set)
    Checking mech-matrix v0.3.5 (/private/tmp/mech-syntax-s8c-qualification/machines/matrix)
    Checking mech-string v0.3.5 (/private/tmp/mech-syntax-s8c-qualification/machines/string)
    Checking mech-stats v0.3.5 (/private/tmp/mech-syntax-s8c-qualification/machines/stats)
    Checking mech-math v0.3.5 (/private/tmp/mech-syntax-s8c-qualification/machines/math)
    Checking mech-range v0.3.5 (/private/tmp/mech-syntax-s8c-qualification/machines/range)
    Checking console v0.16.4
    Checking lzma-rust v0.1.7
    Checking csv-core v0.1.13
    Checking web-time v1.1.0
    Checking scoped-tls v1.0.1
    Checking unit-prefix v0.5.2
    Checking pollster v0.3.0
    Checking minimal-lexical v0.2.1
    Checking glob v0.3.4
    Checking include_dir v0.7.4
    Checking nom v7.1.3
    Checking mech-gpu v0.3.5 (/private/tmp/mech-syntax-s8c-qualification/hosts/gpu)
    Checking indicatif v0.18.6
    Checking warp v0.3.7
    Checking csv v1.4.0
    Checking sevenz-rust v0.6.1
    Checking mech-build v0.3.5 (/private/tmp/mech-syntax-s8c-qualification/src/build)
    Checking reqwest v0.13.4
    Checking crossterm v0.29.0
    Checking rand v0.9.5
    Checking ctrlc v3.5.2
    Checking clap v4.6.4
    Checking mech-browser v0.3.5 (/private/tmp/mech-syntax-s8c-qualification/hosts/browser)
    Checking crossbeam-channel v0.5.16
    Finished `dev` profile [unoptimized] target(s) in 1m 31s
