   Compiling mech-runtime v0.3.5 (/private/tmp/mech-syntax-s8c-qualification/src/runtime)
    Finished `test` profile [unoptimized] target(s) in 13.06s
     Running unittests src/lib.rs (/private/tmp/mech-syntax-s8-extraction-target/debug/deps/mech_runtime-b7ac249cfe827619)

running 715 tests
test actor::tests::actor_turn_builds_from_actor_and_message ... ok
test actor::tests::actor_turn_rejects_mismatched_message_actor ... ok
test capability::grant::tests::resource_key_rejects_parent_segments ... ok
test capability::grant::tests::exact_and_wildcard_scopes_use_canonical_full_resources ... ok
test capability::grant::tests::resource_path_capability_aliases_preserve_exact_path_scope ... ok
test capability::grant::tests::prefix_scope_checks_path_boundaries ... ok
test capability::grant::tests::resource_path_capability_does_not_infer_same_scheme_aliases ... ok
test capability::grant::tests::resource_path_capability_authorizes_declared_base_aliases ... ok
test capability::tests::attenuation_cannot_relax_local_only ... ok
test capability::tests::attenuation_can_reduce_operations ... ok
test capability::tests::attenuation_cannot_increase_limits ... ok
test capability::tests::basic_capability_denies_wrong_operation ... ok
test capability::filesystem::tests::delegation_outside_default_grant_fails ... ok
test capability::tests::basic_capability_grant_and_check ... ok
test capability::tests::basic_capability_resource_prefix_allows_nested_resource ... ok
test capability::tests::committed_and_pending_capability_uses_are_combined ... ok
test capability::filesystem::tests::recursive_delegation_allows_nested_read ... ok
test capability::tests::constrained_capability_denies_missing_metrics ... ok
test capability::tests::basic_kernel_enforces_authority_allowlists ... ok
test capability::tests::custom_kernel_fails_closed_for_authority_allowlists ... ok
test capability::tests::delegable_source_can_be_delegated ... ok
test capability::tests::delegation_requires_delegable_source ... ok
test capability::tests::max_uses_is_enforced_by_default_kernel ... ok
test capability::tests::parent_revocation_revokes_descendant_by_default ... ok
test capability::tests::pending_transactional_uses_enforce_live_capability_limit ... ok
test capability::tests::pending_use_preview_keeps_exclusions_and_shared_forwarding ... ok
test capability::tests::revocation_blocks_use ... ok
test capability::tests::rollback_grant_bypasses_non_revocable_policy ... ok
test capability::tests::rollback_grant_clears_use_accounting ... ok
test capability::tests::rollback_grant_is_idempotent ... ok
test capability::tests::rollback_grant_removes_descendants_and_graph_indexes ... ok
test capability::tests::unsupported_kernel_fails_closed_for_pending_uses ... ok
test capability::tests::token_payload_is_deterministic ... ok
test config::profile::lower::tests::run_executor_configuration_is_rejected ... ok
test config::profile::lower::tests::actor_build_bootstrap_accepts_empty_payload_and_null_state ... ok
test config::profile::lower::tests::run_cli_is_rejected ... ok
test config::profile::lower::tests::actor_build_bootstrap_lowers_exact_fields ... ok
test config::profile::lower::tests::run_grants_env_path_lowers ... ok
test config::profile::lower::tests::run_grants_empty_paths_allowed_when_explicit_empty_list_is_rejected_or_allowed_per_policy ... ok
test config::tests::default_config_is_valid ... ok
test config::tests::missing_step_limit_uses_existing_fallback ... ok
test config::tests::step_limit_must_fit_the_target_architecture ... ok
test config::tests::trusted_limits_are_unbounded ... ok
test config::tests::zero_limit_is_invalid ... ok
test context::tests::access_set_deduplicates_reads_and_writes ... ok
test context::tests::allowlist_authority_tracks_provisional_capabilities ... ok
test context::tests::budget_charges_until_limit ... ok
test context::tests::context_builder_defaults_to_runtime_subject ... ok
test context::tests::context_builder_prefers_actor_subject ... ok
test context::tests::context_builder_prefers_task_subject_when_no_actor ... ok
test config::profile::lower::tests::run_paths_parse_and_lower ... ok
test context::tests::context_drains_events ... ok
test context::tests::next_turn_reset_rejects_an_open_transaction ... ok
test context::tests::next_turn_reset_preserves_identity_and_limits_but_clears_turn_state ... ok
test context_events::tests::compaction_counts_only_the_moved_visible_suffix ... ok
test context_events::tests::context_event_append_then_restore ... ok
test context_events::tests::context_event_clear_resets_visibility ... ok
test context_events::tests::context_event_clone_contains_only_visible_events_and_has_a_distinct_owner ... ok
test context_events::tests::context_event_drain_transfers_visible_events_and_clears_storage ... ok
test context_events::tests::context_event_empty_mark_and_restore ... ok
test context_events::tests::context_event_retention_then_restore_reveals_hidden_prefix ... ok
test context_events::tests::context_event_zero_retention_hides_everything ... ok
test context_events::tests::hidden_prefix_equal_to_visible_suffix_compacts ... ok
test context_events::tests::hidden_prefix_smaller_than_visible_suffix_does_not_compact ... ok
test context_events::tests::mark_from_another_context_is_rejected ... ok
test context_events::tests::active_mark_bounds_hidden_tail_without_losing_rollback_prefix ... ok
test context_events::tests::newest_mark_protects_operation_baseline_while_later_events_compact ... ok
test context_events::tests::scope_completion_invalidates_marks_without_changing_owner ... ok
test context_events::tests::zero_retention_compacts_to_zero_physical_entries ... ok
test effect::tests::prepared_effect_reports_public_protocol_and_metadata ... ok
test host::actor::tests::planning_state_enforces_exact_actor_arities_and_put_type ... ok
test host::interface::operation::tests::validates_spellable_operation_names ... ok
test host::tests::default_host_capability_request_uses_context_subject ... ok
test host::tests::deterministic_function_planning_never_invokes_host_behavior ... ok
test host::tests::deterministic_function_plans_and_invokes_snapshots ... ok
test host::tests::host_call_validates_name ... ok
test host::tests::registry_registers_and_lists_functions ... ok
test host::tests::registry_rejects_duplicate_functions ... ok
test host::actor::tests::planning_state_tracks_put_before_get_and_id ... ok
test id::tests::content_hash_is_deterministic ... ok
test id::tests::display_is_32_hex_chars ... ok
test id::tests::module_id_is_deterministic ... ok
test id::tests::dependency_order_is_normalized ... ok
test id::tests::module_version_id_is_deterministic ... ok
test id::tests::module_version_id_includes_module_identity ... ok
test id::tests::parse_hex_accepts_prefix ... ok
test id::tests::sequential_generator_is_predictable ... ok
test id::tests::module_version_inputs_remain_identity_significant ... ok
test input::tests::cloned_ingress_preserves_fifo_and_enforces_capacity ... ok
test input::tests::closed_ingress_rejects_new_submissions_but_preserves_queued_packets ... ok
test input::tests::empty_packets_and_duplicate_sources_are_rejected ... ok
test input::tests::explicit_unit_is_the_canonical_empty_tuple ... ok
test input::tests::host_input_transport_is_send_sync ... ok
test input::tests::latest_submission_replaces_same_sources_without_reordering_unrelated_packets ... ok
test input::tests::detached_indexes_are_one_based ... ok
test input::tests::source_constructor_canonicalizes_base_and_path ... ok
test input::tests::source_constructor_rejects_invalid_resource_uris ... ok
test input::tests::nonsquare_numeric_matrices_round_trip_in_row_major_order ... ok
test config::profile::lower::tests::run_grants_stdout_line_lowers ... ok
test config::profile::lower::tests::runtime_accepts_direct_resident_durability ... ok
test config::profile::lower::tests::unknown_run_field_fails ... ok
test config::profile::lower::tests::unknown_serve_presentation_fails ... ok
test config::profile::lower::tests::serve_presentation_parses_and_defaults_to_document ... ok
test config::profile::lower::tests::actor_build_bootstrap_rejects_missing_empty_mistyped_and_unknown_fields ... ok
test interactive::tests::accepted_source_never_migrates_an_output_across_a_changed_definition ... ok
test interactive::tests::accepted_source_resets_a_same_named_state_when_its_schema_changes ... ok
test interactive::tests::canonical_clear_removes_definitions_assignments_and_op_assignments ... ok
test interactive::tests::accepted_source_preserves_compatible_live_resident_state ... ok
test interactive::tests::accepted_source_never_migrates_a_projection_across_distinct_state_identity ... ok
test interactive::tests::accepted_source_recomputes_state_explicitly_mutated_by_the_submission ... ok
test interactive::tests::canonical_interactive_lifecycle_executes_only_final_streams ... ok
test interactive::tests::canonical_clear_preserves_same_line_statements_and_tuple_ownership ... ok
test interactive::tests::accepted_source_returns_the_projection_refreshed_from_migrated_state ... ok
test interactive::tests::canonical_interactive_result_identity_is_independent_of_fence_publication ... ok
test interactive::tests::accepted_source_recomputes_only_projections_of_mutated_state ... ok
test interactive::tests::diagnostic_ownership_is_assigned_at_the_producer_boundary ... ok
test interactive::tests::every_host_is_guarded_by_the_shared_synchronous_step_limit ... ok
test interactive::tests::accepted_source_preserves_the_published_projection_of_live_state ... ok
test interactive::tests::canonical_invariants_keep_queryable_sigil_names ... ok
test interactive::tests::program_event_barrier_orders_publish_before_clear ... ok
test interactive::tests::replacement_commits_after_retired_runtime_shutdown_has_begun ... ok
test interactive::tests::missing_symbol_is_absent_even_when_an_unrelated_runtime_is_active ... ok
test interactive::tests::retained_selection_tokens_can_refresh_without_changing_public_identity ... ok
test interactive::tests::retained_selection_tokens_preserve_snapshot_and_ans_identity ... ok
test interactive::tests::standalone_reset_commits_a_clean_candidate_after_retirement_warning ... ok
test interactive::tests::submission_terminal_ignores_comments_strings_and_resource_uris ... ok
test ledger::tests::cloned_queue_producers_race_for_one_preparation_lease ... ok
test ledger::tests::dropping_prepared_record_releases_lease_and_bound_capacity ... ok
test ledger::tests::generation_and_sequence_exhaustion_are_checked ... ok
test interactive::tests::resident_state_mutations_include_compound_assignments ... ok
test ledger::tests::invalid_owned_turn_record_is_rejected_during_preparation ... ok
test ledger::tests::multiple_unused_permits_are_allowed_but_only_one_append_may_be_prepared ... ok
test ledger::tests::older_and_duplicate_sequences_are_rejected_after_drain_but_newer_appends ... ok
test ledger::tests::oversized_pool_segments_are_dropped_instead_of_retained ... ok
test ledger::tests::pool_fill_never_grows_a_segment_implicitly ... ok
test ledger::tests::pool_replaces_an_available_segment_when_bytes_are_exhausted_first ... ok
test ledger::tests::pool_replaces_the_largest_undersized_available_segment ... ok
test ledger::tests::pool_segments_are_exclusive_bounded_and_reused ... ok
test ledger::tests::prepare_binds_actual_bytes_and_returns_overestimate ... ok
test interactive::tests::canonical_interactive_turns_and_replacement_preserve_live_state ... ok
test ledger::tests::queued_record_crosses_threads_and_drain_returns_capacity ... ok
test ledger::tests::reservation_assigns_a_sequence_and_drop_returns_capacity ... ok
test ledger::tests::retained_ledger_is_fifo_exact_and_never_silently_evicts ... ok
test ledger::tests::underestimated_and_wrong_ledger_permits_release_capacity ... ok
test ledger::tests::wrong_ledger_preparation_is_rejected_before_append ... ok
test module::builder::tests::identical_builds_for_one_uri_reuse_version_identity ... ok
test module::builder::tests::identical_source_at_distinct_uris_has_distinct_version_identity ... ok
test module::builder::tests::rejects_non_executable_source_kind ... ok
test module::builder::tests::rejects_non_executable_source_representation ... ok
test outbox::tests::batch_is_sorted_by_turn_then_ordinal_and_transferred_once ... ok
test outbox::tests::delivery_does_not_erase_the_effect_ordering_watermark ... ok
test outbox::tests::dropped_batch_releases_preparation_lease_for_retry ... ok
test outbox::tests::dropping_prepared_batch_releases_capacity_and_owned_payloads ... ok
test outbox::tests::duplicate_effect_id_is_rejected_before_publication ... ok
test outbox::tests::effect_payload_outlives_its_builder_storage ... ok
test outbox::tests::later_batch_cannot_break_retained_effect_order ... ok
test outbox::tests::overlapping_batch_preparation_is_rejected_before_publication ... ok
test protocol::tests::added_output_fields_have_compatible_plain_defaults ... ok
test protocol::tests::anonymous_stream_fragments_receive_stable_portable_display_ids ... ok
test protocol::tests::artifact_histories_preserve_creation_order_not_identifier_order ... ok
test protocol::tests::display_updates_replace_one_stable_artifact ... ok
test protocol::tests::event_envelope_serializes_with_an_explicit_channel_and_version ... ok
test protocol::tests::generated_display_ids_skip_named_and_retired_handles ... ok
test protocol::tests::heterogeneous_appends_retain_every_fragment_in_order ... ok
test protocol::tests::pending_scene_updates_are_coalesced_without_erasing_lifecycle_boundaries ... ok
test protocol::tests::repl_keyboard_contract_reserves_control_enter_for_multiline_input ... ok
test protocol::tests::table_row_presentation_hints_round_trip_without_changing_cells ... ok
test repl_command::tests::parser_preserves_literal_windows_and_unc_separators ... ok
test repl_command::tests::registry_ids_are_unique_and_parser_covers_every_command ... ok
test repl_command::tests::request_parser_is_the_single_source_and_command_boundary ... ok
test repl_command::tests::typed_requests_round_trip_across_the_serialized_embedding_boundary ... ok
test repl_dispatch::tests::output_focus_carries_the_retained_stream_and_content ... ok
test repl_dispatch::tests::restricted_hosts_mark_unavailable_commands_from_the_shared_registry ... ok
test repl_dispatch::tests::symbol_tables_align_opaque_selection_tokens_with_rows ... ok
test interactive::tests::every_symbol_exposed_by_whos_including_ans_is_clearable ... ok
test interactive::tests::canonical_interactive_rewired_projection_uses_the_migrated_epoch ... ok
test resolver::ast::tests::configured_wildcards_expand_only_to_concrete_source_declared_paths ... ok
test ledger::tests::internal_wrong_destination_assertion_preserves_origin_capacity ... ok
test ledger::tests::prepared_queue_append_survives_health_change_and_poison_recovery ... ok
test resolver::ast::tests::context_extraction_does_not_break_import_export_extraction ... ok
test resolver::ast::tests::canonical_index_preserves_program_and_named_scope_declarations ... ok
test resolver::ast::tests::resolved_source_extracts_wildcard_context_scope ... ok
test interactive::tests::canonical_interactive_matrix_projection_and_failed_candidate_preserve_state ... ok
test resolver::ast::tests::resolved_source_extracts_derived_context ... ok
test resolver::ast::tests::resolved_source_extracts_resource_context ... ok
test resolver::ast::tests::source_index_collects_program_address_reference ... ok
test resolver::ast::tests::source_index_does_not_collect_string_address_text ... ok
test resolver::ast::tests::source_index_collects_fenced_address_reference ... ok
test resolver::file::capability_tests::denies_include_outside_grant ... ok
test resolver::ast::tests::source_index_collects_program_declarations ... ok
test resolver::file::capability_tests::denies_source_outside_grant ... ok
test resolver::document::tests::equality_compares_descendant_node_and_token_ids_even_when_root_matches ... ok
test resolver::file::capability_tests::imported_source_requires_import_capability_for_each_include ... ok
test resolver::file::tests::canonical_file_resolution_rejects_malformed_retained_source ... ok
test resolver::file::tests::file_resolver_resolves_mec_file ... ok
test resolver::file::tests::file_uri_helpers_round_trip_supported_local_path ... ok
test resolver::ast::tests::source_index_keeps_different_fenced_interpreter_namespaces_separate ... ok
test resolver::file::tests::filesystem_source_request_round_trips_non_utf8_path_bytes ... ok
test resolver::file::tests::other_uri_schemes_are_ignored_by_file_resolver ... ok
test resolver::ast::tests::file_resolver_uses_index_without_behavior_change ... ok
test resolver::file::tests::rejects_nonlocal_file_uri_authority_on_non_windows ... ok
test resolver::file::tests::rejects_fs_uri_parent_traversal_before_filesystem_probe ... ok
test resolver::file::tests::canonical_file_replacement_advances_revision_and_rejection_preserves_history ... ok
test resolver::file::tests::file_uri_referrer_resolves_relative_import_from_parent ... ok
test resolver::ast::tests::source_index_unions_repeated_fenced_interpreter_namespaces ... ok
test resolver::file::tests::resolves_file_uri_localhost_path ... ok
test resolver::file::tests::resolves_fs_uri_beneath_configured_root ... ok
test resolver::file::tests::resolves_file_uri_absolute_path ... ok
test resolver::file::tests::resolves_fs_uri_with_empty_authority_beneath_configured_root ... ok
test resolver::file::tests::resolves_math_sin_to_math_sin_mec ... ok
test resolver::file::tests::resolves_math_to_math_index_mec_when_no_math_mec ... ok
test resolver::file::tests::resolves_math_to_math_mec ... ok
test resolver::file::tests::source_kind_classifies_mech_files ... ok
test resolver::file::tests::resolves_percent_encoded_file_uri_path ... ok
test resolver::file::tests::resolves_relative_import_from_referrer_parent ... ok
test resolver::imports::tests::classifies_mec_wildcard_imports ... ok
test resolver::imports::tests::compiler_module_wildcard_does_not_require_source_dependency ... ok
test resolver::imports::tests::context_import_does_not_require_source_dependency_even_if_dependency_like ... ok
test resolver::imports::tests::context_import_may_not_resolve_source_dependency ... ok
test resolver::file::tests::resolves_percent_encoded_fs_uri_path ... ok
test resolver::imports::tests::namespace_for_namespace_import ... ok
test resolver::imports::tests::namespace_for_parent_relative_file_import ... ok
test resolver::imports::tests::namespace_for_relative_file_import ... ok
test resolver::imports::tests::namespace_for_single_import ... ok
test resolver::imports::tests::namespace_for_wildcard_import ... ok
test resolver::imports::tests::namespace_import_does_not_require_source_dependency ... ok
test resolver::imports::tests::namespace_import_may_resolve_source_dependency ... ok
test resolver::imports::tests::parent_relative_file_import_requires_source_dependency ... ok
test resolver::imports::tests::relative_file_import_requires_source_dependency ... ok
test resolver::imports::tests::single_item_import_does_not_require_source_dependency ... ok
test resolver::imports::tests::single_item_import_may_resolve_source_dependency ... ok
test resolver::imports::tests::source_wildcard_requires_source_dependency ... ok
test resolver::file::tests::resolves_absolute_file_directory_index_extensionless_and_missing ... ok
test resolver::imports::tests::exports_are_extracted ... ok
test resolver::imports::tests::uri_import_requires_source_dependency ... ok
test resolver::imports::tests::wildcard_import_may_resolve_source_dependency ... ok
test resolver::imports::tests::all_imports_create_dependency_edges ... ok
test resolver::imports::tests::stdlib_single_imports_are_not_source_imports ... ok
test resolver::index::canonical::tests::variable_definitions_traverse_only_their_values ... ok
test resolver::index::canonical::tests::nested_owner_declarations_are_not_published_but_reads_are_indexed ... ok
test resolver::index::tests::source_index_records_activation_body_and_arm_address_references ... ok
test resolver::imports::tests::stdlib_wildcard_imports_are_not_source_imports ... ok
test resolver::index::tests::source_index_records_fsm_pipe_start_arg_address_references ... ok
test resolver::index::tests::source_index_records_function_body_address_references ... ok
test resolver::index::tests::source_index_records_function_pattern_address_references ... ok
test resolver::index::tests::source_index_records_invariant_address_references ... ok
test resolver::imports::tests::classifies_dependency_only_imports ... ok
test resolver::file::tests::cloned_file_resolvers_assign_distinct_revisions_to_concurrent_candidates ... ok
test resolver::index::canonical::tests::complete_document_indexes_all_mika_owners_with_one_coordinate_projection ... ok
test resolver::memory::tests::aliases_apply_to_normalized_memory_relative_imports ... ok
test resolver::index::tests::source_index_records_match_pattern_address_references ... ok
test resolver::index::tests::source_index_treats_unqualified_fenced_mech_as_program_scope ... ok
test resolver::memory::tests::ascii_relative_import_behavior_is_unchanged ... ok
test resolver::memory::tests::builder_preserves_invalid_source_for_canonical_parse_diagnostics ... ok
test resolver::memory::tests::canonical_builder_retains_malformed_source_without_publishing_facts ... ok
test resolver::index::tests::source_index_records_fsm_arm_selector_address_references ... ok
test resolver::index::tests::source_index_collects_title_front_matter_imports_in_program_scope ... ok
test resolver::memory::tests::canonical_insertion_fails_closed_before_replacing_the_accepted_revision ... ok
test resolver::memory::tests::canonical_insertion_hands_off_root_dependencies_and_preserves_local_owners ... ok
test resolver::memory::tests::in_memory_resolution_edge_reuses_target_canonical_uri ... ok
test resolver::memory::tests::in_memory_resolution_edge_rejects_dangling_source ... ok
test resolver::memory::tests::in_memory_resolution_edge_resolves_exact_request ... ok
test resolver::memory::tests::insert_source_validates_resolved_source ... ok
test resolver::memory::tests::in_memory_resolution_edge_uses_referrer_canonical_identity ... ok
test resolver::memory::tests::in_memory_resolution_edge_precedes_global_exact_source ... ok
test resolver::memory::tests::in_memory_resolution_edge_rejects_conflicting_target ... ok
test resolver::memory::tests::len_and_is_empty_work ... ok
test resolver::memory::tests::ordinary_memory_relative_resolution_remains_available ... ok
test resolver::memory::tests::memory_relative_imports_do_not_escape_or_rebase_other_requests ... ok
test resolver::memory::tests::incoming_memory_documents_reserve_uri_history_and_reject_identity_aliases ... ok
test resolver::memory::tests::malformed_replacement_is_transactional_and_preserves_the_prior_revision ... ok
test resolver::memory::tests::returns_none_for_missing_source ... ok
test resolver::memory::tests::resolves_inserted_string ... ok
test resolver::memory::tests::remove_deletes_source ... ok
test resolver::memory::tests::insert_string_retains_a_document_without_requiring_canonical_indexing ... ok
test resolver::memory::tests::supports_aliases ... ok
test resolver::memory::tests::try_with_source_reports_invalid_resolved_source ... ok
test resolver::memory::tests::with_source_preserves_non_panicking_compatibility_behavior ... ok
test resolver::tests::resolved_source_default_kind_is_not_executable ... ok
test resolver::tests::resolved_source_detects_executable_mech_source ... ok
test resolver::tests::resolved_source_validates_identity_fields ... ok
test resolver::tests::source_request_from_str ... ok
test resolver::tests::source_request_validates_nonempty_specifier ... ok
test resource::tests::administrative_docs_write_executes_immediately ... ok
test resource::tests::default_plan_read_is_structured_and_never_calls_read ... ok
test resource::tests::docs_write_is_discarded_by_explicit_abort ... ok
test resource::tests::docs_write_is_invisible_until_explicit_commit ... ok
test resource::tests::provider_equivalence_groups_are_normalized_and_captured ... ok
test resource::tests::provider_equivalence_rejects_duplicate_group_membership ... ok
test resource::tests::provider_equivalence_rejects_unadvertised_base ... ok
test resource::tests::provider_panics_are_converted_before_external_effects_exist ... ok
test resource::tests::store_failure_compensates_docs_overwrite_and_creation ... ok
test resource_contract::tests::provider_contracts_declare_observation_effect_and_transaction_boundaries ... ok
test runtime::actor::tests::limits::mailbox_limit_survives_fresh_contexts ... ok
test runtime::actor::tests::limits::max_actors_is_enforced ... ok
test runtime::actor::tests::limits::transactional_mailbox_limit_uses_effective_length ... ok
test runtime::actor::tests::transactional_mailbox::abort_leaves_durable_messages_and_discards_staged_enqueues ... ok
test runtime::actor::tests::transactional_mailbox::commit_removes_acknowledged_durable_messages_once ... ok
test runtime::actor::tests::transactional_mailbox::duplicate_durable_message_ids_are_consumed_by_occurrence ... ok
test runtime::actor::tests::transactional_mailbox::duplicate_durable_message_ids_mixed_with_other_ids_preserve_fifo ... ok
test runtime::actor::tests::transactional_mailbox::durable_staged_id_collision_commit_keeps_unpopped_staged_message ... ok
test runtime::actor::tests::transactional_mailbox::transactional_mailbox_returns_durable_before_staged_enqueue ... ok
test runtime::actor::tests::transactional_mailbox::transactional_peek_then_pop_returns_same_effective_head ... ok
test runtime::actor::tests::transactional_mailbox::transactional_pop_preserves_provenance_when_durable_and_staged_ids_collide ... ok
test runtime::actor::tests::transactional_mailbox::transactional_pops_return_distinct_durable_messages_in_fifo_order ... ok
test runtime::actor::tests::transactional_mailbox::transactional_pops_three_durable_messages_without_repetition ... ok
test runtime::actor::tests::transactional_mailbox::transactional_staged_enqueues_fifo_after_durable_exhausted_then_none ... ok
test runtime::builder::tests::bare_runtime_uses_an_empty_catalog ... ok
test runtime::builder::tests::custom_function_catalog_reaches_runtime ... ok
test runtime::cost_probe::tests::counters_are_thread_local_and_resettable ... ok
test runtime::cost_probe::tests::counters_do_not_cross_threads ... ok
test runtime::effect_journal::tests::after_commit::after_commit_delivery_failure_keeps_committed_runtime_healthy ... ok
test runtime::effect_journal::tests::after_commit::after_commit_delivery_panic_continues_and_keeps_runtime_healthy ... ok
test runtime::effect_journal::tests::after_commit::committed_effect_audit_failure_still_delivers_after_commit ... ok
test runtime::effect_journal::tests::cleanup_failures::compensatable_cleanup_panic_poisons_after_store_failure ... ok
test runtime::effect_journal::tests::cleanup_failures::compensation_audit_failure_is_nonfatal ... ok
test runtime::effect_journal::tests::cleanup_failures::explicit_abort_audit_failure_is_reported_and_poisons ... ok
test resolver::memory::tests::supports_builder_style_insert ... ok
test runtime::effect_journal::tests::cleanup_failures::prepare_failure_audit_failure_is_nonfatal ... ok
test runtime::effect_journal::tests::cleanup_failures::prepared_effect_abort_failure_poisons_runtime ... ok
test runtime::effect_journal::tests::cleanup_failures::transactional_abort_panic_continues_cleanup_and_poisons_afterward ... ok
test runtime::effect_journal::tests::compensatable::apply_failure_compensates_and_aborts_in_reverse_phase_order ... ok
test runtime::effect_journal::tests::compensatable::compensatable_apply_panic_is_retryable_after_successful_cleanup ... ok
test runtime::effect_journal::tests::compensatable::compensation_failure_poisons_runtime_with_complete_diagnostic ... ok
test runtime::effect_journal::tests::compensatable::store_failure_compensates_effect_and_keeps_transaction_active ... ok
test runtime::effect_journal::tests::savepoints::failed_savepoint_cleanup_preserves_effect_for_outer_abort_retry ... ok
test runtime::effect_journal::tests::savepoints::journal_rollback_does_not_reuse_effect_sequences ... ok
test runtime::effect_journal::tests::savepoints::outer_abort_discards_effects_in_reverse_order ... ok
test runtime::effect_journal::tests::savepoints::rolled_back_effect_cost_is_not_refunded ... ok
test runtime::effect_journal::tests::savepoints::savepoint_rollback_discards_effect_and_staging_event ... ok
test runtime::effect_journal::tests::staging::broken_effect_identity_poisons_before_external_work ... ok
test runtime::effect_journal::tests::staging::exact_resident_effect_staging_accepts_sparse_ordinals_and_cleans_rejections ... ok
test runtime::effect_journal::tests::staging::mutation_is_rejected_while_an_effect_phase_is_active ... ok
test resolver::memory::tests::cloned_resolvers_allocate_concurrent_revisions_atomically ... ok
test runtime::effect_journal::tests::staging::transaction_history_persists_effect_metadata_without_payload ... ok
test runtime::effect_journal::tests::transactional::every_prepared_participant_receives_commit_and_all_failures_are_reported ... ok
test runtime::effect_journal::tests::transactional::prepare_failure_aborts_prepared_participants_and_stays_retryable ... ok
test runtime::effect_journal::tests::transactional::provider_commit_failure_after_store_commit_is_indeterminate ... ok
test runtime::effect_journal::tests::transactional::transactional_commit_panic_notifies_remaining_participants_and_poisons ... ok
test runtime::effect_journal::tests::transactional::transactional_prepare_panic_aborts_prior_participants_and_resets_phase ... ok
test runtime::host::transaction_tests::authorization::custom_capability_without_preview_contract_fails_closed ... ok
test resolver::memory::tests::successful_replacement_advances_the_retained_revision ... ok
test runtime::effect_journal::tests::staging::source_resolver_replacement_is_rejected_while_an_effect_phase_is_active ... ok
test resolver::memory::tests::resolves_memory_relative_imports ... ok
test runtime::effect_journal::tests::cleanup_failures::poisoned_runtime_owned_mutation_is_fail_closed ... ok
test runtime::host::transaction_tests::events::failed_host_audit_survives_full_context_retention ... ok
test runtime::host::transaction_tests::effects::staged_host_call_returns_value_before_effect_delivery ... ok
test runtime::host::transaction_tests::events::host_session_events_use_shared_monotonic_sequence ... ok
test runtime::host::transaction_tests::rollback::runtime_managed_host_error_stays_contained_and_cleans_transaction_state ... ok
test runtime::host::transaction_tests::rollback::runtime_managed_host_panic_is_an_ordinary_rollback_failure ... ok
test runtime::host::transaction_tests::rollback::staged_host_prepare_panic_stages_no_effect ... ok
test runtime::input_tests::queue::attach_failure_closes_ingress_and_rolls_back_in_reverse_order ... ok
test runtime::host::transaction_tests::authorization::runtime_managed_host_call_consumes_single_use_capability ... ok
test runtime::input_tests::queue::compiler_never_attaches_starts_or_stops_input_drivers ... ok
test runtime::host::transaction_tests::authorization::pure_host_call_consumes_single_use_capability ... ok
test runtime::host::transaction_tests::rollback::pure_host_panic_is_contained_without_poisoning_runtime ... ok
test runtime::input_tests::queue::queued_input_without_resident_owner_fails_without_dequeue ... ok
test runtime::host::transaction_tests::authorization::staged_host_call_consumes_single_use_capability ... ok
test runtime::input_tests::queue::build_attaches_and_starts_driven_input_drivers ... ok
test runtime::input_tests::queue::drop_stops_live_input_drivers ... ok
test runtime::input_tests::snapshot_boundaries::canonical_host_input_snapshot_is_detached_and_schema_aware ... ok
test runtime::input_tests::snapshot_boundaries::canonical_matrix_host_input_preserves_logical_order ... ok
test runtime::input_tests::snapshot_boundaries::canonical_unit_is_the_only_empty_runtime_snapshot ... ok
test runtime::input_tests::queue::shutdown_closes_ingress_before_stopping_drivers ... ok
test runtime::input_tests::queue::input_driver_panic_is_converted_and_started_drivers_are_stopped ... ok
test resolver::memory::tests::revision_history_survives_deletion_and_diverging_clones ... ok
test runtime::input_tests::queue::start_failure_stops_only_drivers_started_by_the_call ... ok
test runtime::module::tests::provisional_visibility::equal_publication_from_two_transactions_is_idempotent ... ok
test runtime::module::tests::provisional_visibility::explicit_transaction_owns_provisional_graph_visibility ... ok
test runtime::module::tests::provisional_visibility::committed_equal_version_emits_no_second_compile_event ... ok
test runtime::module::tests::source_document_transfer::invalid_canonical_authority_remains_rejected_after_module_transfer ... ok
test runtime::input_tests::queue::stop_input_drivers_attempts_every_driver ... ok
test runtime::module::tests::source_document_transfer::resolved_document_owner_must_match_the_canonical_uri ... ok
test runtime::module::tests::source_document_transfer::direct_source_build_retains_one_canonical_revision_through_the_store ... ok
test runtime::module::tests::provisional_visibility::failed_later_build_preserves_earlier_provisional_graph ... ok
test interactive::tests::canonical_inactive_mutations_preserve_root_state ... ok
test runtime::program::artifact_tests::malformed_bytecode_fails_closed_without_installing_a_route ... ok
test runtime::program::bundle::tests::canonical_bundle_rejects_stale_source_and_retired_tree_payload ... ok
test runtime::program::external::provider::tests::resident_retry_policy_and_idempotency_claims_are_coherent ... ok
test runtime::module::tests::source_document_transfer::successful_and_rejected_runtime_replacements_preserve_revision_history ... ok
test runtime::module::tests::source_document_transfer::resolved_source_admission_seeds_runtime_replacement_revision ... ok
test runtime::module::tests::source_document_transfer::duplicate_incoming_source_revision_is_rejected_before_admission ... ok
test runtime::module::tests::source_document_transfer::injected_store_history_controls_revisions_even_when_latest_is_inactive ... ok
test interactive::tests::canonical_finished_stream_preserves_pending_selection ... ok
test runtime::module::tests::source_document_transfer::repeated_and_reverted_source_preserve_distinct_stored_revisions ... ok
test runtime::module::tests::source_document_transfer::transaction_revisions_commit_together_and_abort_without_consuming_history ... ok
test runtime::program::external::tests::effect_payload_is_captured_before_a_later_state_mutation ... ok
test runtime::program::external::tests::at_most_once_protocol_mismatch_is_preparation_and_aborts_the_handle ... ok
test runtime::program::external::tests::at_most_once_preparation_failure_remains_pending_until_delivery_can_begin ... ok
test runtime::program::external::tests::capacity_is_reserved_before_observation_capture ... ok
test runtime::program::external::tests::compensatable_apply_failure_rejects_without_publication ... ok
test runtime::program::external::tests::default_authority_denies_before_any_provider_read ... ok
test runtime::program::external::tests::failed_compensation_is_never_invoked_twice_by_cleanup ... ok
test runtime::program::external::tests::accepted_replay_receipt_mismatch_does_not_consume_replay_identity ... ok
test runtime::program::external::tests::failed_preflight_does_not_consume_turn_identity ... ok
test runtime::program::external::tests::idempotency_keys_are_namespaced_by_reactive_instance ... ok
test runtime::program::external::tests::idempotent_retry_requires_provider_deduplication_support ... ok
test runtime::program::external::tests::idempotent_delivery_failure_retains_identity_and_key_for_retry ... ok
test runtime::program::external::tests::coordinator_rejects_an_artifact_other_than_the_instance_artifact ... ok
test runtime::program::external::tests::ordinary_source_and_bytecode_freeze_equivalent_external_artifacts ... ok
test runtime::program::external::tests::later_provider_preparation_failure_aborts_every_earlier_effect ... ok
test runtime::program::external::tests::mixed_effect_cleanup_compensates_before_transactional_abort ... ok
test runtime::program::external::tests::observation_failure_is_rejected_without_publication_or_delivery ... ok
test runtime::program::external::tests::one_receipt_slot_accepts_one_mutually_exclusive_outcome ... ok
test runtime::program::external::tests::receipt_counts_only_effects_materialized_for_the_current_turn ... ok
test runtime::program::external::tests::rejected_receipt_bounds_provider_failure_text ... ok
test runtime::program::external::tests::replay_preserves_a_recorded_full_input_rejection_before_later_acceptance ... ok
test runtime::program::external::tests::retained_protocol_mismatch_cleanup_failure_poisons_the_coordinator ... ok
test runtime::program::external::tests::retained_records_can_be_released_in_fifo_order_and_capacity_reused ... ok
test runtime::program::external::tests::ordinary_delivery_policies_have_executable_failure_lifecycles ... ok
test runtime::program::external::tests::provider_prepare_failure_and_wrong_protocol_reject_before_publication ... ok
test runtime::program::external::tests::provider_matrix_shape_and_row_major_order_are_preserved ... ok
test runtime::program::external::tests::retained_turn_batches_allow_distinct_nodes_to_share_a_requirement ... ok
test runtime::program::external::tests::safe_engine_api_cannot_publish_an_external_candidate ... ok
test runtime::program::external::tests::replay_reconstructs_and_rejects_forged_batch_identity ... ok
test runtime::program::external::tests::shared_observations_capture_one_authoritative_provider_snapshot ... ok
test runtime::program::external::tests::volatile_commit_indeterminate_retains_undelivered_ordinary_effects ... ok
test runtime::program::external::tests::volatile_turns_release_all_retained_history ... ok
test runtime::program::query::control_comparison::tests::collection_reuse_resolves_owning_tables_and_rejects_changed_control ... ok
test runtime::program::query::control_comparison::tests::control_reuse_resolves_cross_artifact_tables_and_rejects_changed_semantics ... ok
test runtime::program::query_tests::source::plan_source_live_read_only_plans_without_binding_or_driver_effects ... ok
test runtime::program::query_tests::source::provider_transaction_contract_reaches_the_source_program_artifact ... ok
test runtime::program::query::control_comparison::tests::literal_pattern_reuse_resolves_the_owning_constant_arena ... ok
test runtime::program::query::control_comparison::tests::nested_control_reuse_resolves_inner_tables_and_detects_inner_changes ... ok
test runtime::program::external::tests::retained_turn_captures_publishes_receipts_delivers_and_replays ... ok
test runtime::program::external::tests::transactional_prepare_failure_rejects_and_commit_failure_is_published_indeterminate ... ok
test runtime::program::external::tests::volatile_retryable_effects_survive_failed_delivery ... ok
test runtime::program::query_tests::source::canonical_ordinary_and_interactive_compilation_preflight_payloads_without_live_effects ... ok
test runtime::program::tests::canonical_fizzbuzz_preserves_constraints_and_presentation_through_bytecode ... ok
test runtime::program::tests::active_runtime_transaction_blocks_program_load_without_freezing_transaction_control ... ok
test runtime::program::tests::canonical_functions_admit_configured_resource_inputs_on_first_use ... ok
test runtime::program::tests::activation_only_compilation_preserves_the_artifact_without_retaining_bytecode ... ok
test runtime::program::tests::canonical_interactive_resource_planning_does_not_execute_host_effects ... ok
test runtime::program::tests::canonical_interactive_root_keeps_resource_authority_and_dependency_errors ... ok
test runtime::program::tests::canonical_missing_provider_keeps_the_public_route_failure_class ... ok
test runtime::program::tests::canonical_interactive_uses_configured_resource_planning ... ok
test runtime::program::tests::canonical_document_function_imports_use_catalog_exports ... ok
test runtime::program::tests::canonical_mixed_document_owns_partitioning_and_typed_initializers ... ok
test runtime::program::tests::canonical_functions_do_not_capture_caller_symbols_or_existing_inputs ... ok
test runtime::program::tests::canonical_constant_range_shapes_follow_the_declared_cardinality ... ok
test runtime::program::tests::canonical_native_sidecars_cover_every_encoded_instruction ... ok
test runtime::program::tests::canonical_mixed_document_retains_batched_activation_values ... ok
test runtime::program::tests::canonical_document_functions_inline_typed_named_calls_without_leaking_bindings ... ok
test runtime::program::tests::canonical_mixed_source_inlines_user_function_graphs ... ok
test runtime::program::tests::canonical_mixed_source_retains_tuple_destructured_results ... ok
test runtime::program::tests::canonical_planning_values_remain_constants_and_live_defaults_are_detached ... ok
test runtime::program::tests::canonical_ordered_roots_share_prior_definitions_and_reject_invalid_edges ... ok
test runtime::program::tests::canonical_planned_selectors_enforce_portable_index_width_before_activation ... ok
test runtime::program::tests::canonical_resolved_and_rooted_interactive_compilation_preserve_revision_and_symbols ... ok
test runtime::program::tests::canonical_resource_planning_closes_provider_matrix_shapes ... ok
test runtime::program::tests::canonical_resource_defaults_do_not_create_unselected_live_observations ... ok
test runtime::program::tests::canonical_static_symbol_result_does_not_alias_the_implicit_result ... ok
test runtime::program::tests::canonical_static_projection_preserves_independent_integrity_constraints ... ok
test runtime::program::tests::canonical_static_projection_drops_unrelated_unbound_inputs ... ok
test runtime::program::tests::canonical_static_symbols_filter_and_detach_matrix_values ... ok
test runtime::program::tests::canonical_rooted_mixed_compilation_shares_transitive_imports_and_initializers ... ok
test runtime::program::tests::canonical_trailing_resource_send_preserves_implicit_result ... ok
test runtime::program::tests::canonical_resource_planning_excludes_inactive_document_owners ... ok
test runtime::program::tests::canonical_uncalled_functions_do_not_bind_resource_inputs ... ok
test runtime::program::tests::compatible_replacement_migrates_the_accepted_host_snapshot ... ok
test runtime::program::tests::computed_scalar_output_is_materialized_during_activation ... ok
test runtime::program::tests::compatible_replacement_expands_one_snapshot_to_new_duplicate_consumers ... ok
test runtime::program::tests::canonical_tuple_destructure_consumes_local_function_outputs ... ok
test runtime::program::tests::cutover_rooted_entrypoints_use_the_canonical_dependency_graph ... ok
test runtime::program::tests::duplicate_observations_share_one_authoritative_host_update ... ok
test runtime::program::tests::dynamic_matrix_selector_recomputes_resident_scalar_access ... ok
test runtime::program::tests::effect_only_resident_program_executes_once_during_activation ... ok
test runtime::program::tests::empty_runtime_step_fails_without_an_execution_fallback ... ok
test runtime::program::tests::canonical_dimensionless_matrix_annotations_preserve_inferred_shapes ... ok
test runtime::program::tests::dynamic_matrix_selectors_reject_values_outside_the_portable_width ... ok
test runtime::program::tests::empty_matrix_comprehension_activates_through_source_and_bytecode ... ok
test runtime::program::tests::explicit_dependency_root_plans_provider_reads_exactly_once ... ok
test runtime::program::tests::compiled_conversion_executes_after_bytecode_round_trip ... ok
test runtime::program::tests::explicit_root_imported_by_an_earlier_root_still_joins_the_combined_artifact ... ok
test runtime::program::tests::external_source_plans_without_a_live_provider_read_and_freezes_environment ... ok
test runtime::program::tests::external_activation_requires_exactly_one_input_driver ... ok
test runtime::program::tests::finite_use_capability_cannot_authorize_a_resident_session ... ok
test runtime::program::tests::independent_observations_seed_then_retain_the_accepted_host_snapshot ... ok
test runtime::program::tests::integrity_constraints_match_across_source_and_bytecode_resident_admission ... ok
test runtime::program::tests::interactive_program_output_is_the_final_statement_without_a_fenced_output ... FAILED
test runtime::program::tests::interactive_root_loader_retains_document_symbols_and_reports_the_root_result ... ok
test runtime::program::tests::dynamic_matrix_selectors_preserve_every_supported_scalar_kind ... ok
test runtime::program::tests::literal_bool_and_matrix_outputs_are_published ... ok
test runtime::program::tests::literal_scalar_output_is_published_without_fake_state ... ok
test runtime::program::tests::live_comprehension_membership_is_rejected_before_resident_activation ... ok
test runtime::program::tests::matrix_comprehension_scope_preserves_the_enclosing_live_plan ... ok
test runtime::program::tests::matrix_declaration_defaults_become_typed_live_inputs ... ok
test runtime::program::tests::missing_provider_and_malformed_bytecode_fail_closed ... ok
test runtime::program::tests::mixed_compilation_rejects_multiple_compute_regions_for_v04 ... ok
test runtime::program::tests::initial_external_export_rejection_precedes_effect_and_epoch_publication ... ok
test runtime::program::tests::mixed_document_compilation_owns_partitioning_and_typed_initializers ... ok
test runtime::program::tests::mixed_document_coordinator_retains_interactive_root_symbols ... ok
test runtime::program::tests::every_root_loader_rejects_unimplemented_durability_with_the_route_classification ... ok
test runtime::program::tests::mixed_document_rejects_coordinator_input_with_the_wrong_shape_without_a_provider ... ok
test runtime::program::tests::mixed_document_normalizes_matrix_initializers_to_canonical_row_major_layout ... ok
test runtime::program::tests::mixed_document_retains_array_activation_as_outer_broadcast_extent ... ok
test runtime::program::tests::mixed_document_retains_only_explicit_sample_read_capabilities ... ok
test runtime::program::tests::canonical_mixed_shipped_particle_region_initializes ... ok
test runtime::program::tests::mixed_root_inlines_user_function_graphs_into_compute_artifacts ... ok
test runtime::program::tests::nonmatching_host_packets_do_not_execute_a_resident_turn ... ok
test runtime::program::tests::planning_values_seed_explicit_live_inputs_while_literals_remain_constants ... ok
test runtime::program::tests::mixed_root_preserves_imports_in_coordinator_and_compute_products ... ok
test runtime::program::tests::production_scalar_string_source_loads_residently_without_fallback ... ok
test runtime::program::tests::ordinary_output_names_are_never_inferred_as_interactive_symbols ... ok
test runtime::program::tests::production_tuple_access_loads_through_resident_route ... ok
test runtime::program::tests::public_host_drain_exposes_the_clean_resident_turn ... ok
test runtime::program::tests::canonical_mixed_shipped_ekf_region_compiles ... ok
test runtime::program::tests::invalidated_admitted_grant_blocks_outbox_retry_before_preparation_or_delivery ... ok
test runtime::program::tests::invalidated_admitted_grant_blocks_next_drain_before_dequeue_or_publication ... ok
test runtime::program::tests::queued_resident_packet_prevents_unload_until_it_is_drained ... ok
test runtime::program::tests::resident_canonical_import_allocation_failure_preserves_publication_and_retries ... ok
test runtime::program::tests::resident_host_packet_groups_preserve_activation_boundaries ... ok
test runtime::program::tests::resident_host_packets_coalesce_and_capture_the_latest_packet_value ... ok
test runtime::program::tests::resident_loaders_enforce_source_limits_before_planning_or_decoding ... ok
test runtime::program::tests::repeated_user_function_locals_do_not_enter_the_root_symbol_namespace ... ok
test runtime::program::tests::resident_observation_profile_covers_scalars_and_dense_matrices ... ok
test runtime::program::tests::resident_recurrence_advances_when_a_same_turn_parent_is_unchanged ... ok
test runtime::program::tests::resident_root_plans_the_resolved_source_import_closure_before_route_selection ... ok
test runtime::program::tests::resident_matrix_comprehensions_feed_mutable_vertical_concatenation ... FAILED
test runtime::program::tests::resident_string_and_canonical_exports_retain_their_memory_charge_after_unload ... ok
test runtime::program::tests::resident_string_growth_rejection_preserves_publication_and_recovers_on_same_consumer ... ok
test runtime::program::tests::resident_source_and_bytecode_enforce_configured_aggregate_memory_limits ... ok
test runtime::program::tests::production_source_and_bytecode_load_residently_without_engine_selection ... ok
test runtime::program::tests::formatted_document_outputs_survive_source_and_bytecode_publication ... ok
test runtime::program::tests::retained_document_can_be_loaded_as_a_production_resident_program ... ok
test runtime::program::tests::product_nbody_denied_grant_missing_provider_and_contract_mismatch_never_fallback ... ok
test runtime::program::tests::snapshot_backed_output_is_absent_until_its_first_external_publication ... ok
test runtime::program::tests::pure_source_and_bytecode_choose_resident_with_equivalent_identity_and_output ... ok
test runtime::program::tests::retained_admission_failure_leaves_the_ordered_packet_available_for_retry ... ok
test runtime::program::tests::static_initialization_returns_detached_row_major_matrix_values ... ok
test runtime::program::tests::turn_derived_output_is_published_from_resident_scratch ... ok
test runtime::schedule::panic_tests::extension_panics::scheduler_panic_is_converted_without_poisoning ... ok
test runtime::task::tests::limits::max_tasks_is_enforced ... ok
test runtime::test_support::effects::effect_probes_record_typed_lifecycle_phases ... ok
test runtime::transaction::capabilities::tests::grants::capability_grant_event_failure_removes_non_revocable_live_authority ... ok
test runtime::transaction::capabilities::tests::grants::capability_grant_failed_transactional_event_staging_is_compensated ... ok
test runtime::transaction::capabilities::tests::grants::capability_grant_incomplete_rollback_is_reported_and_continues ... ok
test runtime::transaction::capabilities::tests::grants::capability_grant_kernel_failure_rolls_back_store ... ok
test runtime::transaction::capabilities::tests::grants::capability_grant_store_failure_never_grants_kernel_authority ... ok
test runtime::transaction::capabilities::tests::grants::capability_grant_success_updates_every_component_once ... ok
test runtime::transaction::capabilities::tests::grants::configuration_grants_use_the_runtime_store_and_kernel ... ok
test runtime::transaction::capabilities::tests::grants::provisional_capability_grant_is_visible_only_to_its_transaction ... ok
test runtime::transaction::capabilities::tests::grants::provisional_capability_selection_follows_stable_grant_order ... ok
test runtime::transaction::capabilities::tests::overlays::capability_overlay_commits_kernel_and_store_together ... ok
test runtime::transaction::capabilities::tests::overlays::failed_capability_rebuild_restores_previous_valid_overlay ... ok
test runtime::transaction::capabilities::tests::overlays::failed_retained_operation_truncates_capability_overlay ... ok
test runtime::transaction::capabilities::tests::revocations::live_use_revoke_and_later_provisional_regrant_are_ordered ... ok
test runtime::transaction::capabilities::tests::revocations::provisional_grant_then_revoke_cancels_commit_work ... ok
test runtime::transaction::capabilities::tests::revocations::provisional_grant_use_revoke_cancels_all_authority_work ... ok
test runtime::transaction::capabilities::tests::revocations::provisional_revocation_does_not_leak_to_other_transactions ... ok
test runtime::transaction::capabilities::tests::revocations::regrant_after_cancellation_commits_latest_capability ... ok
test runtime::transaction::capabilities::tests::rollback::capability_apply_panic_rolls_back_before_store_commit ... ok
test runtime::transaction::capabilities::tests::rollback::capability_check_panic_is_converted_without_poisoning ... ok
test runtime::transaction::capabilities::tests::rollback::capability_checkpoint_restore_failure_poisons_runtime ... ok
test runtime::transaction::capabilities::tests::rollback::capability_preview_panic_is_an_ordinary_transaction_failure ... ok
test runtime::transaction::capabilities::tests::rollback::capability_restore_panic_poisons_after_store_failure ... ok
test runtime::transaction::capabilities::tests::rollback::store_commit_failure_restores_capability_kernel_checkpoint ... ok
test runtime::transaction::capabilities::tests::usage::capability_use_journal_preserves_live_usage_order ... ok
test runtime::transaction::capabilities::tests::usage::capability_use_journal_savepoints_restore_only_later_uses ... ok
test runtime::transaction::capabilities::tests::usage::provisional_capability_enforces_use_limit ... ok
test runtime::transaction::capabilities::tests::usage::provisional_capability_usage_is_committed_to_live_kernel ... ok
test runtime::transaction::capabilities::tests::usage::provisional_revocation_does_not_consume_live_use_limit ... ok
test runtime::transaction::capabilities::tests::usage::store_failure_restores_provisional_usage_delta ... ok
test runtime::transaction::modules::tests::rollback::atomic_operation_rollback_removes_later_module_work ... ok
test runtime::transaction::modules::tests::rollback::rollback_retains_prefix_and_removes_suffix ... ok
test runtime::transaction::modules::tests::staging::conflicting_module_identity_fails_without_mutation ... ok
test runtime::transaction::modules::tests::staging::conflicting_version_identity_fails_without_mutation ... ok
test runtime::transaction::modules::tests::staging::module_staging_ignores_description_differences ... ok
test runtime::transaction::tests::store::abort::effect_aborted_publication_failure_is_reported ... ok
test runtime::transaction::tests::store::abort::effect_marker_failure_does_not_skip_transaction_aborted_marker ... ok
test runtime::transaction::tests::store::abort::explicit_abort_reports_transaction_aborted_publication_failure ... ok
test runtime::transaction::tests::store::abort::failed_abort_marker_is_absent_from_context_and_store ... ok
test runtime::transaction::tests::store::abort::failed_abort_marker_poisons_runtime_after_cleanup ... ok
test runtime::transaction::tests::store::abort::multiple_abort_publication_failures_are_aggregated ... ok
test runtime::transaction::tests::store::abort::transaction_abort_discards_staged_events ... ok
test runtime::transaction::tests::store::begin::active_transaction_must_continue_with_original_context ... ok
test runtime::transaction::tests::store::commit::module_journal_validation_precedes_effect_preparation ... ok
test runtime::transaction::tests::store::context_identity::active_transaction_context_clone_is_rejected_before_transaction_consumption ... ok
test runtime::transaction::tests::store::context_identity::foreign_context_rejected_before_host_and_capability_boundaries ... ok
test runtime::transaction::tests::store::context_identity::historical_transaction_record_context_is_valid_without_active_transaction ... ok
test runtime::transaction::tests::store::context_identity::nonexistent_transaction_context_does_not_fall_through_to_durable_writes ... ok
test runtime::transaction::tests::store::context_identity::rejects_foreign_runtime_context_before_object_write_and_events ... ok
test runtime::transaction::tests::store::context_identity::stale_aborted_transaction_context_is_rejected_not_durable ... ok
test runtime::transaction::tests::store::context_identity::transaction_context_identity_includes_task_actor_message_and_state ... ok
test runtime::transaction::tests::store::context_identity::transaction_subject_mismatch_cannot_stage_commit_or_abort_owner_can_finish ... ok
test runtime::transaction::tests::store::event_publication::active_transaction_bounds_hidden_event_history ... ok
test runtime::transaction::tests::store::event_publication::context_event_retention_is_bounded ... ok
test runtime::transaction::tests::store::event_publication::context_event_retention_steady_state_is_amortized_and_snapshot_free ... ok
test runtime::transaction::tests::store::event_publication::outer_commit_bounds_hidden_context_event_history ... ok
test runtime::transaction::tests::store::event_publication::transaction_commit_persists_staged_events_once ... ok
test runtime::program::tests::variable_definition_metadata_and_state_survive_resident_bytecode_admission ... ok
test runtime::transaction::tests::store::projection::accepted_projection_matches_current_standalone_lifecycle_order ... ok
test runtime::transaction::tests::store::projection::rejected_projection_matches_current_standalone_lifecycle_order ... ok
test runtime::transaction::tests::store::store_failure::store_read_panic_is_converted_and_runtime_recovers ... ok
test runtime::transaction::tests::store::store_failure::transaction_commit_failure_is_atomic ... ok
test runtime::transaction::tests::store::store_failure::transaction_commit_failure_keeps_transaction_active ... ok
test scheduler::tests::collect_tick_respects_limit_and_records_events ... ok
test scheduler::tests::collect_tick_with_unbounded_policy_collects_all ... ok
test scheduler::tests::drain_events_clears_pending_events ... ok
test scheduler::tests::queued_work_returns_fifo_order ... ok
test scheduler::tests::scheduled_work_labels_are_stable ... ok
test scheduler::tests::scheduler_can_disable_deduplication ... ok
test scheduler::tests::scheduler_deduplicates_work ... ok
test scheduler::tests::scheduler_enqueues_and_pops_actor ... ok
test scheduler::tests::scheduler_enqueues_and_pops_task ... ok
test scheduler::tests::scheduler_policy_rejects_zero_turn_limit ... ok
test scheduler::tests::scheduler_records_completed_work_and_event ... ok
test scheduler::tests::scheduler_records_failed_work_and_event ... ok
test scheduler::tests::scheduler_records_queue_and_start_events ... ok
test scheduler::tests::scheduler_rejects_zero_actor_id ... ok
test scheduler::tests::scheduler_rejects_zero_task_id ... ok
test scheduler::tests::scheduler_requeues_after_pop ... ok
test runtime::transaction::tests::store::indeterminate::store_commit_panic_is_indeterminate_and_cleans_transaction_scope ... ok
test service::workspace_session::tests::server_workspace_session_emit_initial_events_reports_diagnostics ... ok
test runtime::program::tests::retained_evidence_drain_releases_capacity_for_long_running_sessions ... ok
test service::workspace_session::tests::server_workspace_session_emit_initial_events_reports_sources ... ok
test service::workspace_session::tests::server_workspace_session_emits_refresh_events_for_changed_file ... ok
test service::workspace_session::tests::server_workspace_session_notifies_when_a_watch_event_is_queued ... ok
test service::workspace_session::tests::server_workspace_session_open_preserves_initial_diagnostics ... ok
test service::workspace_session::tests::server_workspace_session_open_loads_snapshot ... ok
test service::workspace_session::tests::server_workspace_session_poll_and_emit_without_events_emits_nothing ... ok
test snapshot::tests::runtime_value_snapshot_clone_shares_only_immutable_data ... ok
test snapshot::tests::runtime_value_snapshot_empty_is_canonical_unit ... ok
test snapshot::tests::runtime_value_snapshot_formats_option_without_legacy_materialization ... ok
test snapshot::tests::runtime_value_snapshot_formats_static_matrix_orientation_from_its_schema ... ok
test snapshot::tests::runtime_value_snapshot_retains_scalar_schema_and_payload ... ok
test store::prepared_commit_tests::event_validation_simulates_per_append_retention ... ok
test store::prepared_commit_tests::preparation_failure_matrix_preserves_exact_semantic_state ... ok
test store::prepared_commit_tests::prepared_apply_consumes_plan_and_returns_transaction_id_directly ... ok
test store::prepared_commit_tests::prepared_complete_batch_updates_every_supported_family ... ok
test store::prepared_commit_tests::semantic_snapshot_detects_no_change_after_failed_runtime_commit ... ok
test store::tests::active_module_version_round_trip ... ok
test store::tests::actor_message_ack_removes_specific_message ... ok
test store::tests::actor_message_queue ... ok
test store::tests::capability_grant_rollback_is_idempotent ... ok
test store::tests::capability_grant_rollback_removes_non_revocable_capability ... ok
test store::tests::capability_round_trip_and_revoke ... ok
test store::tests::context_import_without_import_edge_validates ... ok
test store::tests::event_order_is_preserved_with_limit ... ok
test store::tests::identical_runtime_module_publication_is_idempotent ... ok
test store::tests::in_memory_event_retention_keeps_newest_events ... ok
test store::tests::in_memory_store_batch_failure_does_not_mutate_store ... ok
test store::tests::module_round_trip ... ok
test store::tests::module_version_requires_existing_module ... ok
test store::tests::object_round_trip ... ok
test store::tests::runtime_commit_missing_dependency_is_atomic ... ok
test store::tests::runtime_commit_missing_module_owner_is_atomic ... ok
test store::tests::runtime_commit_publishes_module_and_version_together ... ok
test store::tests::runtime_cost_probe_store_clone_count_sums_logical_records_and_indexes ... ok
test store::tests::runtime_module_conflict_leaves_other_categories_unchanged ... ok
test service::workspace_session::tests::server_workspace_session_poll_without_events_is_empty ... ok
test store::tests::stored_source_document_must_match_exact_textual_source ... ok
test store::tests::task_round_trip ... ok
test store::tests::transaction_round_trip ... ok
test transaction::tests::abort_clears_staged_events ... ok
test transaction::tests::abort_discards_staged_writes ... ok
test transaction::tests::runtime_cost_probe_savepoint_item_count_sums_staged_collections ... ok
test transaction::tests::stage_event_records_full_event_and_id ... ok
test transaction::tests::staged_mailbox_count_helpers_return_results ... ok
test transaction::tests::staged_update_replaces_staged_put ... ok
test transaction::tests::transaction_commits_to_record ... ok
test transaction::tests::transaction_records_read_write_and_event_sets ... ok
test transaction::tests::transaction_stages_object_puts ... ok
test turn_record::tests::checked_sequence_allocation_never_wraps ... ok
test turn_record::tests::turn_records::failure_accounting_includes_retained_string_capacity ... ok
test turn_record::tests::turn_records::header_rejects_zero_transaction_and_staged_failure ... ok
test turn_record::tests::turn_records::header_status_and_input_range_are_validated ... ok
test turn_record::tests::turn_records::owned_record_outlives_builder_and_workspace_reuse ... ok
test turn_record::tests::turn_records::staged_projection_has_no_final_lifecycle_event ... ok
test workspace::discovery::tests::discover_workspace_files_finds_recursive_mec_files ... ok
test workspace::discovery::tests::discover_workspace_files_honors_non_recursive_folder ... ok
test workspace::discovery::tests::discover_workspace_files_rejects_outside_folder ... ok
test workspace::discovery::tests::discovery_denial_returns_diagnostic_without_files ... ok
test store::tests::stored_document_owner_and_revision_cannot_be_aliased ... ok
test workspace::tests::file_uri_path_converts_unix_file_uri ... ok
test workspace::tests::file_uri_path_decodes_escaped_unix_file_uri ... ok
test workspace::tests::file_uri_path_rejects_non_file_uri ... ok
test workspace::tests::workspace_target_specifier_canonicalizes_absolute_local_path ... ok
test workspace::tests::workspace_target_specifier_passes_through_uri ... ok
test workspace::watch::tests::aliased_directory_paths_share_one_watch_key ... ok
test workspace::watch::tests::external_symlink_target_parent_watch_not_preserved_after_retarget ... ok
test workspace::watch::tests::external_symlink_target_parent_watch_survives_missing_target ... ok
test workspace::watch::tests::file_scoped_watch_grant_authorizes_parent_runtime_watch ... ok
test workspace::load::tests::workspace_snapshot_preserves_the_exact_accepted_source_revision ... ok
test workspace::watch::tests::file_target_watch_filters_sibling_events ... ok
test workspace::watch::tests::filtered_file_watch_still_rejects_parent_directory_event ... ok
test workspace::watch::tests::macos_temp_directory_alias_handles_missing_watch_paths ... ok
test workspace::watch::tests::missing_watch_path_normalizes_through_existing_symlink_ancestor ... ok
test workspace::watch::tests::nonrecursive_directory_watch_allows_directory_and_direct_children_only ... ok
test workspace::watch::tests::recursive_directory_watch_still_allows_descendants ... ok
test workspace::watch::tests::nonrecursive_watch_accepts_missing_child_through_aliased_parent ... ok
test workspace::watch::tests::regular_missing_file_watch_without_existing_authorization_uses_missing_path ... ok
test workspace::watch::tests::recursive_watch_accepts_missing_descendant_through_aliased_parent ... ok
test workspace::watch::tests::shared_parent_watch_keys_collapse_multiple_file_filters ... ok
test workspace::watch::tests::retargeted_symlink_watch_uses_new_authorization_and_filters ... ok
test workspace::watch::tests::symlink_target_outside_link_dir_watches_link_and_target_parents ... ok
test workspace::watch::tests::symlink_file_watch_preserves_authorized_path_after_link_delete ... ok
test workspace::watch::tests::target_watch_falls_back_to_existing_parent_when_target_is_deleted ... ok
test workspace::watch::tests::symlink_target_same_parent_uses_single_watch_with_both_filters ... ok
test workspace::watch::tests::target_watch_ignores_non_local_specifiers ... ok
test workspace::watch::tests::watch_event_kind_maps_create_modify_remove ... ok
test workspace::watch::tests::watch_events_from_notify_event_ignores_other_directory_events ... ok
test workspace::watch::tests::watch_events_from_notify_event_keeps_create_directory_events ... ok
test workspace::watch::tests::target_watch_filter_accepts_symlink_link_and_canonical_paths_but_rejects_siblings ... ok
test workspace::watch::tests::watch_events_from_notify_event_keeps_existing_directory_paths ... ok
test workspace::watch::tests::watch_events_from_notify_event_maps_multiple_mec_paths ... ok
test workspace::watch::tests::watch_events_include_non_mec_paths ... ok
test workspace::watch::tests::watch_events_from_notify_event_keeps_modify_file_events ... ok
test workspace::watch::tests::watcher_rejects_path_without_watch_capability ... ok
test runtime::program::tests::resident_turn_duration_rejects_before_scene_publication_and_surfaces_publicly ... ok
test service::workspace_session::tests::server_workspace_session_accepts_an_explicit_function_catalog ... ok
test runtime::program::tests::successful_resident_activation_never_falls_back_to_a_second_program ... ok
test runtime::program::tests::product_nbody_source_and_bytecode_match_reference_for_4096_accepted_turns ... ok
test runtime::program::tests::resident_string_outputs_obey_one_aggregate_runtime_memory_limit ... ok
test runtime::program::tests::public_nbody_viewer_integrates_mutual_gravity_residently ... ok

failures:

---- runtime::program::tests::interactive_program_output_is_the_final_statement_without_a_fenced_output stdout ----

thread 'runtime::program::tests::interactive_program_output_is_the_final_statement_without_a_fenced_output' (28010690) panicked at src/runtime/src/runtime/program/tests.rs:1009:10:
called `Result::unwrap()` on an `Err` value: MechError { kind name: "CanonicalProgramCompilationError", kind message: "source-semantics/unsupported-function-body: canonical function inlining requires a statement body", message: None, program_range: None, annotations: [], tokens: [], compiler_location: Some(CompilerSourceRange { file: "src/runtime/src/runtime/program/compiler.rs", line: 80 }), source: None }

---- runtime::program::tests::resident_matrix_comprehensions_feed_mutable_vertical_concatenation stdout ----

thread 'runtime::program::tests::resident_matrix_comprehensions_feed_mutable_vertical_concatenation' (28010734) panicked at src/runtime/src/runtime/program/tests.rs:2015:10:
called `Result::unwrap()` on an `Err` value: MechError { kind name: "ResidentRouteFailure", kind message: "SemanticUnsupported: OperationUnavailableForTarget(ResidentCpu) at None (None): InitializerUnavailableAtActivation { slot: CellSlotId(0), source: CellSlotId(6) }", message: None, program_range: None, annotations: [], tokens: [], compiler_location: None, source: None }


failures:
    runtime::program::tests::interactive_program_output_is_the_final_statement_without_a_fenced_output
    runtime::program::tests::resident_matrix_comprehensions_feed_mutable_vertical_concatenation

test result: FAILED. 713 passed; 2 failed; 0 ignored; 0 measured; 0 filtered out; finished in 45.80s

error: test failed, to rerun pass `-p mech-runtime --lib`
