info: component rust-std for target wasm32-unknown-unknown is up to date
[INFO]: 🎯  Checking for the Wasm target...
[INFO]: 🌀  Compiling to Wasm...
   Compiling proc-macro2 v1.0.107
   Compiling unicode-ident v1.0.24
   Compiling quote v1.0.47
   Compiling cfg-if v1.0.4
   Compiling typenum v1.20.1
   Compiling syn v2.0.119
   Compiling autocfg v1.5.1
   Compiling libm v0.2.16
   Compiling serde_core v1.0.229
   Compiling num-traits v0.2.19
   Compiling wasm-bindgen-shared v0.2.126
   Compiling syn v3.0.3
   Compiling serde v1.0.229
   Compiling zmij v1.0.23
   Compiling serde_derive v1.0.229
   Compiling synstructure v0.13.2
   Compiling hybrid-array v0.4.14
   Compiling serde_json v1.0.151
   Compiling paste v1.0.15
   Compiling itoa v1.0.18
   Compiling rustversion v1.0.23
   Compiling bytemuck v1.25.2
   Compiling safe_arch v0.7.4
   Compiling num-integer v0.1.46
   Compiling matrixmultiply v0.3.11
   Compiling memchr v2.8.3
   Compiling alloc-no-stdlib v2.0.4
   Compiling alloc-stdlib v0.2.4
   Compiling num-bigint v0.4.8
   Compiling wide v0.7.33
   Compiling block-buffer v0.12.1
   Compiling crypto-common v0.2.2
   Compiling zerofrom-derive v0.1.7
   Compiling approx v0.5.1
   Compiling num-complex v0.4.6
   Compiling unicode-width v0.2.2
   Compiling bytecount v0.6.9
   Compiling fnv v1.0.7
   Compiling bumpalo v3.20.3
   Compiling virtue v0.0.18
   Compiling crc32fast v1.5.0
   Compiling rawpointer v0.2.1
   Compiling bincode_derive v2.0.1
   Compiling wasm-bindgen-macro-support v0.2.126
   Compiling zerofrom v0.1.8
   Compiling papergrid v0.17.0
   Compiling simba v0.9.1
   Compiling digest v0.11.3
   Compiling wasm-bindgen v0.2.126
   Compiling num-rational v0.4.2
   Compiling brotli-decompressor v5.0.3
   Compiling yoke-derive v0.8.2
   Compiling nalgebra-macros v0.3.0
   Compiling equivalent v1.0.2
   Compiling stable_deref_trait v1.2.1
   Compiling hashbrown v0.17.1
   Compiling unty v0.0.4
   Compiling bincode v2.0.1
   Compiling indexmap v2.14.0
   Compiling yoke v0.8.3
   Compiling nalgebra v0.34.2
   Compiling brotli v8.0.4
   Compiling sha2 v0.11.0
   Compiling wasm-bindgen-macro v0.2.126
   Compiling tabled v0.20.0
   Compiling base64 v0.22.1
   Compiling seahash v4.1.0
   Compiling byteorder v1.5.0
   Compiling version_check v0.9.5
   Compiling futures-core v0.3.33
   Compiling once_cell v1.21.4
   Compiling mech-core v0.3.5 (/private/tmp/mech-syntax-s8c-qualification/src/core)
   Compiling generic-array v0.14.7
   Compiling zerovec-derive v0.11.3
   Compiling slab v0.4.12
   Compiling pin-project-lite v0.2.17
   Compiling futures-task v0.3.33
   Compiling futures-util v0.3.33
   Compiling zerovec v0.11.6
   Compiling displaydoc v0.2.6
   Compiling js-sys v0.3.103
   Compiling crypto-common v0.1.7
   Compiling block-buffer v0.10.4
   Compiling tinystr v0.8.3
   Compiling writeable v0.6.3
   Compiling icu_properties_data v2.2.0
   Compiling litemap v0.8.2
   Compiling icu_locale_core v2.2.0
   Compiling digest v0.10.7
   Compiling zerotrie v0.2.4
   Compiling potential_utf v0.1.5
   Compiling utf8_iter v1.0.4
   Compiling tinyvec_macros v0.1.1
   Compiling tinyvec v1.12.0
   Compiling icu_collections v2.2.0
   Compiling icu_provider v2.2.0
   Compiling unicode-segmentation v1.13.3
   Compiling semver v1.0.28
   Compiling rustc_version v0.4.1
   Compiling grapheme_macro v2.0.0
   Compiling icu_properties v2.2.0
   Compiling unicode-normalization v0.1.25
   Compiling sha2 v0.10.9
   Compiling smallvec v1.15.2
   Compiling shlex v2.0.1
   Compiling find-msvc-tools v0.1.9
   Compiling colored v3.1.1
   Compiling mech-syntax v0.3.5 (/private/tmp/mech-syntax-s8c-qualification/src/syntax)
   Compiling cc v1.3.0
   Compiling grapheme v1.3.0
   Compiling curve25519-dalek v4.1.3
   Compiling web-time v1.1.0
   Compiling mech-bytecode v0.3.5 (/private/tmp/mech-syntax-s8c-qualification/src/bytecode)
   Compiling mech-engine v0.3.5 (/private/tmp/mech-syntax-s8c-qualification/src/engine)
   Compiling blake3 v1.8.5
   Compiling zeroize v1.9.0
   Compiling subtle v2.6.1
   Compiling signature v2.2.0
   Compiling ed25519 v2.2.3
   Compiling arrayvec v0.7.8
   Compiling constant_time_eq v0.4.2
   Compiling arrayref v0.3.9
   Compiling ed25519-dalek v2.2.0
   Compiling mech-compute v0.3.5 (/private/tmp/mech-syntax-s8c-qualification/src/compute)
   Compiling uuid v1.24.0
   Compiling rand_core v0.6.4
   Compiling mech-runtime v0.3.5 (/private/tmp/mech-syntax-s8c-qualification/src/runtime)
   Compiling web-sys v0.3.103
   Compiling thiserror v1.0.69
   Compiling pin-project-internal v1.1.13
   Compiling thiserror-impl v1.0.69
   Compiling bytes v1.12.1
   Compiling mech-stdlib v0.3.5 (/private/tmp/mech-syntax-s8c-qualification/src/stdlib)
   Compiling http v1.4.2
   Compiling pin-project v1.1.13
   Compiling gloo-utils v0.2.0
   Compiling mech-math v0.3.5 (/private/tmp/mech-syntax-s8c-qualification/machines/math)
   Compiling wasm-bindgen-futures v0.4.76
   Compiling mech-matrix v0.3.5 (/private/tmp/mech-syntax-s8c-qualification/machines/matrix)
   Compiling mech-string v0.3.5 (/private/tmp/mech-syntax-s8c-qualification/machines/string)
   Compiling mech-logic v0.3.5 (/private/tmp/mech-syntax-s8c-qualification/machines/logic)
   Compiling mech-compare v0.3.5 (/private/tmp/mech-syntax-s8c-qualification/machines/compare)
   Compiling mech-range v0.3.5 (/private/tmp/mech-syntax-s8c-qualification/machines/range)
   Compiling futures-channel v0.3.33
   Compiling futures-sink v0.3.33
   Compiling adler2 v2.0.1
   Compiling miniz_oxide v0.8.9
   Compiling gloo-net v0.6.0
   Compiling mech-time v0.3.5 (/private/tmp/mech-syntax-s8c-qualification/hosts/time)
   Compiling mech-timer v0.3.5 (/private/tmp/mech-syntax-s8c-qualification/hosts/timer)
   Compiling mech-console v0.3.5 (/private/tmp/mech-syntax-s8c-qualification/hosts/console)
   Compiling mech-scene v0.3.5 (/private/tmp/mech-syntax-s8c-qualification/hosts/scene)
   Compiling mech-gpu v0.3.5 (/private/tmp/mech-syntax-s8c-qualification/hosts/gpu)
   Compiling mech-browser v0.3.5 (/private/tmp/mech-syntax-s8c-qualification/hosts/browser)
   Compiling serde-wasm-bindgen v0.6.5
   Compiling mech-wasm v0.3.5 (/private/tmp/mech-syntax-s8c-qualification/src/wasm)
    Finished `release` profile [optimized] target(s) in 3m 27s
[INFO]: ⬇️  Installing wasm-bindgen...
[INFO]: ✨   Done in 3m 29s
[INFO]: 📦   Your wasm pkg is ready to publish at src/wasm/pkg.
