   Compiling mech-syntax v0.3.5 (/private/tmp/mech-syntax-s8c-qualification/src/syntax)
    Finished `test` profile [unoptimized] target(s) in 0.80s
     Running tests/canonical_document_incremental.rs (target/debug/deps/canonical_document_incremental-73af902166914138)

running 6 tests
test no_op_and_invalid_edits_preserve_the_canonical_snapshot ... ok
test batch_edits_retain_distinct_duplicate_nodes_and_shift_diagnostic_anchors ... ok
test identical_statements_in_distinct_scopes_never_share_or_steal_identities ... ok
test nested_delimiters_unicode_and_open_fences_recover_to_clean_each_revision ... ok
test fence_scope_edits_use_canonical_roles_and_keep_unaffected_green_identity ... ok
test resource_limited_sessions_match_one_bounded_canonical_parse_after_every_edit ... ok

test result: ok. 6 passed; 0 failed; 0 ignored; 0 measured; 0 filtered out; finished in 1.46s

     Running tests/canonical_document_root.rs (target/debug/deps/canonical_document_root-6e6e8b36738d76e4)

running 18 tests
test committed_statement_recovery_is_not_replaced_by_a_short_expression ... ok
test comment_selection_preserves_whitespace_and_committed_expression_recovery ... ok
test annotated_underlined_subtitles_do_not_require_source_ordinals ... ok
test consecutive_underlined_subtitles_start_distinct_sections ... ok
test canonical_document_is_the_supported_document_root ... ok
test comment_selection_preserves_complete_recursive_negation ... ok
test document_resource_limits_remain_hard_and_lossless ... ok
test mismatched_fence_is_lossless_and_diagnostic ... ok
test committed_negation_must_reach_a_terminal_before_displacing_a_comment ... ok
test distinctive_document_openers_recover_required_closers ... ok
test function_terminators_do_not_force_a_trailing_slice ... ok
test piece_backed_documents_match_contiguous_documents ... ok
test nested_numbered_subtitles_keep_document_ownership_before_expression_recovery ... ok
test typed_document_exposes_title_front_matter_sections_and_fences ... ok
test recursive_recovery_retains_owned_children_and_later_document_units ... ok
test canonical_document_root_owns_the_whole_source_fixture_corpus ... ok
test repeated_document_units_remain_measured_linear ... ok
test comment_arbitration_does_not_spend_the_recovery_budget ... ok

test result: ok. 18 passed; 0 failed; 0 ignored; 0 measured; 0 filtered out; finished in 23.27s

     Running tests/canonical_document_scopes.rs (target/debug/deps/canonical_document_scopes-05eb8e1f13ab5003)

running 1 test
test mika_scope_owners_preserve_nesting_and_equal_sibling_bodies_stay_distinct ... FAILED

failures:

---- mika_scope_owners_preserve_nesting_and_equal_sibling_bodies_stay_distinct stdout ----

thread 'mika_scope_owners_preserve_nesting_and_equal_sibling_bodies_stay_distinct' (28325019) panicked at src/syntax/tests/canonical_document_scopes.rs:13:5:
DiagnosticStore { revision: Revision(3), diagnostics: [Diagnostic { id: DiagnosticId(1), code: DiagnosticCode("syntax/unexpected-document-source"), phase: Syntax, severity: Error, rule: Some(RuleId(1111180012)), context: None, primary: Element { element: Node(NodeId(17)), relative: TextRange { start: TextSize(0), end: TextSize(58) } }, labels: [], expected: [], found: Some(FoundSyntax { kind: Some(Unknown), text: Some("⸢x := 1\n\n╭◉╮⸢x := 2\n⸥\n⸥\n\n~∘~⸢x := 1\n⸥\n") }), fixes: [], related: [], recovery: Some(Abandon { rule: RuleId(1111180012), at: TextSize(63) }), tags: DiagnosticTags(0), message: "unexpected source after the canonical document" }] }
note: run with `RUST_BACKTRACE=1` environment variable to display a backtrace


failures:
    mika_scope_owners_preserve_nesting_and_equal_sibling_bodies_stay_distinct

test result: FAILED. 0 passed; 1 failed; 0 ignored; 0 measured; 0 filtered out; finished in 0.03s

error: test failed, to rerun pass `-p mech-syntax --test canonical_document_scopes`
