   Compiling mech-syntax v0.3.5 (/private/tmp/mech-syntax-s8c-qualification/src/syntax)
    Finished `test` profile [unoptimized] target(s) in 0.95s
     Running tests/canonical_document_incremental.rs (target/debug/deps/canonical_document_incremental-d3958e5cd4f2f8fd)

running 6 tests
test no_op_and_invalid_edits_preserve_the_canonical_snapshot ... ok
test batch_edits_retain_distinct_duplicate_nodes_and_shift_diagnostic_anchors ... ok
test identical_statements_in_distinct_scopes_never_share_or_steal_identities ... ok
test nested_delimiters_unicode_and_open_fences_recover_to_clean_each_revision ... ok
test fence_scope_edits_use_canonical_roles_and_keep_unaffected_green_identity ... ok
test resource_limited_sessions_match_one_bounded_canonical_parse_after_every_edit ... ok

test result: ok. 6 passed; 0 failed; 0 ignored; 0 measured; 0 filtered out; finished in 1.47s

     Running tests/canonical_document_root.rs (target/debug/deps/canonical_document_root-170e7086646bf009)

running 19 tests
test committed_statement_recovery_is_not_replaced_by_a_short_expression ... ok
test consecutive_underlined_subtitles_start_distinct_sections ... ok
test comment_selection_preserves_whitespace_and_committed_expression_recovery ... ok
test canonical_document_is_the_supported_document_root ... ok
test annotated_underlined_subtitles_do_not_require_source_ordinals ... ok
test comment_selection_preserves_complete_recursive_negation ... ok
test document_resource_limits_remain_hard_and_lossless ... ok
test mika_glyph_roles_are_determined_by_position ... ok
test mismatched_fence_is_lossless_and_diagnostic ... ok
test committed_negation_must_reach_a_terminal_before_displacing_a_comment ... ok
test function_terminators_do_not_force_a_trailing_slice ... ok
test distinctive_document_openers_recover_required_closers ... ok
test nested_numbered_subtitles_keep_document_ownership_before_expression_recovery ... ok
test piece_backed_documents_match_contiguous_documents ... ok
test typed_document_exposes_title_front_matter_sections_and_fences ... ok
test recursive_recovery_retains_owned_children_and_later_document_units ... ok
test canonical_document_root_owns_the_whole_source_fixture_corpus ... ok
test repeated_document_units_remain_measured_linear ... ok
test comment_arbitration_does_not_spend_the_recovery_budget ... ok

test result: ok. 19 passed; 0 failed; 0 ignored; 0 measured; 0 filtered out; finished in 23.38s

     Running tests/canonical_document_scopes.rs (target/debug/deps/canonical_document_scopes-f4d9ad3b08531793)

running 1 test
test mika_scope_owners_preserve_nesting_and_equal_sibling_bodies_stay_distinct ... ok

test result: ok. 1 passed; 0 failed; 0 ignored; 0 measured; 0 filtered out; finished in 0.08s

     Running tests/canonical_mechdown_properties.rs (target/debug/deps/canonical_mechdown_properties-e418b4035dd28fe0)

running 3 tests
test line_fragments_never_accept_an_eof_substitute_for_a_newline ... ok
test every_direct_closed_fragment_is_total_lossless_and_bounded ... ok
test direct_comments_keep_generated_content_raw_and_stop_before_a_newline ... ok

test result: ok. 3 passed; 0 failed; 0 ignored; 0 measured; 0 filtered out; finished in 0.22s

     Running tests/canonical_s7_document_certification.rs (target/debug/deps/canonical_s7_document_certification-185775e638336802)

running 4 tests
test only_the_three_specified_rules_use_best_choice ... ok
test mika_expression_inner_accepts_only_registered_triples ... ok
test s7_dispositions_cover_the_exact_remaining_inventory ... ok
test every_s7_rule_has_a_clean_specification_derived_source ... ok

test result: ok. 4 passed; 0 failed; 0 ignored; 0 measured; 0 filtered out; finished in 0.13s

