   Compiling mech-engine v0.3.5 (/private/tmp/mech-syntax-s8r05-updates/src/engine)
    Finished `test` profile [unoptimized] target(s) in 26.88s
     Running tests/canonical_document_state.rs (/private/tmp/mech-syntax-s8-extraction-target/debug/deps/canonical_document_state-a174116a5abd2548)

running 43 tests
test discarded_candidate_does_not_advance_document_state ... ok
test comprehension_reads_the_source_order_state_candidate_after_writer_reordering ... ok
test derived_snapshot_updates_release_budgeted_prior_outputs_on_abort_and_drop ... ok
test document_bindings_preserve_empty_errors_and_contextual_optional_state ... ok
test assignment_errors_are_anchored_to_the_target_or_value ... ok
test each_assignment_operator_uses_maintained_arithmetic ... ok
test document_display_and_child_scopes_do_not_execute_updates ... ok
test immutable_reads_retain_their_source_order_value ... ok
test finalized_streams_mika_bodies_execute_independently_of_parent_sibling_and_nested_state ... ok
test finalized_streams_execute_configured_root_and_normalized_named_scopes ... ok
test absent_named_scopes_never_fall_back_to_the_root_program ... ok
test configured_fences_execute_updates_when_their_result_is_hidden ... ok
test interactive_fixture_executes_and_retains_state_across_turns ... ok
test mika_bodies_execute_independently_of_parent_sibling_and_nested_state ... ok
test mika_named_fences_share_only_their_local_owner_and_keep_output_options ... ok
test finalized_streams_mika_named_fences_share_only_their_local_owner_and_keep_output_options ... ok
test indexed_candidates_abort_without_mutating_published_state ... ok
test derived_updates_compare_final_output_to_the_value_before_seeding ... ok
test nested_repeated_compound_selectors_accumulate_each_occurrence ... ok
test ordered_retained_roots_link_live_exports_and_preserve_caller_output_order ... ok
test nested_promoted_failure_preserves_state_and_valid_retry_accumulates ... ok
test nested_selected_rational_power_keeps_its_integer_exponent_contract ... ok
test promoted_boolean_masks_preserve_canonical_destination_coordinates ... ok
test promoted_repeated_compound_selectors_accumulate_each_occurrence ... ok
test promoted_broadcast_failure_preserves_the_complete_state_before_retry ... ok
test repeated_compound_overflow_rejects_without_publishing_and_valid_retry_succeeds ... ok
test named_document_scopes_execute_separately_and_share_repeated_fences ... ok
test colonless_named_fences_execute_and_share_state_with_colon_spelling ... ok
test review_nested_composite_matrix_field_update ... ok
test selected_compound_assignment_preserves_arithmetic_before_destination_conversion ... ok
test selected_f64_matrix_updates_propagate_signed_zero_changes ... ok
test nested_compound_updates_keep_row_major_occurrence_order_and_promotions ... ok
test sequential_derived_updates_share_only_the_largest_rmw_backup_region ... ok
test sequential_updates_read_the_preceding_candidate_and_keep_one_writer ... ok
test promoted_selected_updates_preserve_row_and_column_broadcasts ... ok
test whole_value_document_assignment_does_not_emit_a_discarded_selection ... ok
test indexed_document_updates_use_canonical_assignment_and_preserve_state_order ... ok
test repeated_matrix_compound_selectors_accumulate_in_occurrence_order ... ok
test turn_mask_broadcast_uses_live_population_and_preserves_complete_matrices ... ok
test promoted_repeated_updates_use_canonical_conversion_after_each_operation ... ok
test terminal_logical_updates_do_not_require_a_gather_population_at_activation ... ok
test repeated_compound_selections_preserve_exact_numeric_kinds ... ok
test review_asymmetric_rectangle_admission ... ok

test result: ok. 43 passed; 0 failed; 0 ignored; 0 measured; 0 filtered out; finished in 35.41s

     Running tests/r6_memory_runtime.rs (/private/tmp/mech-syntax-s8-extraction-target/debug/deps/r6_memory_runtime-11a2b8954e0378ca)

running 0 tests

test result: ok. 0 passed; 0 failed; 0 ignored; 0 measured; 0 filtered out; finished in 0.00s

