   Compiling libm v0.2.16
   Compiling num-traits v0.2.19
   Compiling bytemuck v1.25.2
   Compiling matrixmultiply v0.3.11
   Compiling alloc-no-stdlib v2.0.4
   Compiling bytecount v0.6.9
   Compiling unicode-width v0.2.2
   Compiling rawpointer v0.2.1
   Compiling virtue v0.0.18
   Compiling alloc-stdlib v0.2.4
   Compiling fnv v1.0.7
   Compiling crc32fast v1.5.0
   Compiling brotli-decompressor v5.0.3
   Compiling safe_arch v0.7.4
   Compiling wide v0.7.33
   Compiling papergrid v0.17.0
   Compiling nalgebra-macros v0.3.0
   Compiling hashbrown v0.17.1
   Compiling equivalent v1.0.2
   Compiling unty v0.0.4
   Compiling byteorder v1.5.0
   Compiling base64 v0.22.1
   Compiling bincode_derive v2.0.1
   Compiling brotli v8.0.4
   Compiling bincode v2.0.1
   Compiling indexmap v2.14.0
   Compiling tabled v0.20.0
   Compiling num-integer v0.1.46
   Compiling num-complex v0.4.6
   Compiling approx v0.5.1
   Compiling criterion v0.8.2
   Compiling num-bigint v0.4.8
   Compiling simba v0.9.1
   Compiling num-rational v0.4.2
   Compiling nalgebra v0.34.2
   Compiling mech-core v0.3.5 (/private/tmp/mech-v04-audit-20261006/src/core)
    Finished `test` profile [unoptimized] target(s) in 41.61s
     Running tests/memory_runtime.rs (/private/tmp/mech-v04-target-architecture/debug/deps/memory_runtime-93194a02ffce6271)

running 6 tests
test interval_initialized_region_revalidates_at_ready_and_excludes_writers ... ok
test interval_initialized_region_requires_membership_before_publication ... ok
test interval_initialized_region_required_in_place_restores_and_retries ... ok
test interval_initialized_region_matrix_batch_rejects_late_member_atomically ... ok
test interval_initialized_region_matrix_handles_empty_and_padded_geometry ... ok
test interval_initialized_region_uses_exact_integer_widths ... ok

test result: ok. 6 passed; 0 failed; 0 ignored; 0 measured; 42 filtered out; finished in 0.01s

