   Compiling libc v0.2.189
   Compiling proc-macro2 v1.0.107
   Compiling unicode-ident v1.0.24
   Compiling quote v1.0.47
   Compiling cfg-if v1.0.4
   Compiling serde_core v1.0.229
   Compiling syn v2.0.119
   Compiling memchr v2.8.3
   Compiling libm v0.2.16
   Compiling itoa v1.0.18
   Compiling log v0.4.33
   Compiling hashbrown v0.17.1
   Compiling fnv v1.0.7
   Compiling smallvec v1.15.2
   Compiling equivalent v1.0.2
   Compiling typenum v1.20.1
   Compiling indexmap v2.14.0
   Compiling autocfg v1.5.1
   Compiling syn v3.0.3
   Compiling num-traits v0.2.19
   Compiling synstructure v0.13.2
   Compiling zerofrom-derive v0.1.7
   Compiling paste v1.0.15
   Compiling yoke-derive v0.8.2
   Compiling zerofrom v0.1.8
   Compiling stable_deref_trait v1.2.1
   Compiling yoke v0.8.3
   Compiling crc32fast v1.5.0
   Compiling bitflags v2.13.1
   Compiling serde v1.0.229
   Compiling alloc-no-stdlib v2.0.4
   Compiling alloc-stdlib v0.2.4
   Compiling serde_derive v1.0.229
   Compiling zerovec-derive v0.11.3
   Compiling byteorder v1.5.0
   Compiling zmij v1.0.23
   Compiling zerovec v0.11.6
   Compiling brotli-decompressor v5.0.3
   Compiling displaydoc v0.2.6
   Compiling hybrid-array v0.4.14
   Compiling unicode-width v0.2.2
   Compiling bytemuck v1.25.2
   Compiling version_check v0.9.5
   Compiling serde_json v1.0.151
   Compiling safe_arch v0.7.4
   Compiling brotli v8.0.4
   Compiling matrixmultiply v0.3.11
   Compiling pin-project-lite v0.2.17
   Compiling base64 v0.22.1
   Compiling jobserver v0.1.35
   Compiling wide v0.7.33
   Compiling crypto-common v0.2.2
   Compiling block-buffer v0.12.1
   Compiling num-complex v0.4.6
   Compiling approx v0.5.1
   Compiling num-integer v0.1.46
   Compiling shlex v2.0.1
   Compiling once_cell v1.21.4
   Compiling rawpointer v0.2.1
   Compiling bytecount v0.6.9
   Compiling find-msvc-tools v0.1.9
   Compiling virtue v0.0.18
   Compiling papergrid v0.17.0
   Compiling cc v1.3.0
   Compiling bincode_derive v2.0.1
   Compiling num-rational v0.4.2
   Compiling simba v0.9.1
   Compiling digest v0.11.3
   Compiling tinystr v0.8.3
   Compiling nalgebra-macros v0.3.0
   Compiling cpufeatures v0.3.0
   Compiling unty v0.0.4
   Compiling litemap v0.8.2
   Compiling writeable v0.6.3
   Compiling icu_locale_core v2.2.0
   Compiling bincode v2.0.1
   Compiling sha2 v0.11.0
   Compiling tabled v0.20.0
   Compiling generic-array v0.14.7
   Compiling zerotrie v0.2.4
   Compiling nalgebra v0.34.2
   Compiling potential_utf v0.1.5
   Compiling icu_properties_data v2.2.0
   Compiling bytes v1.12.1
   Compiling utf8_iter v1.0.4
   Compiling seahash v4.1.0
   Compiling futures-core v0.3.33
   Compiling icu_collections v2.2.0
   Compiling icu_provider v2.2.0
   Compiling parking_lot_core v0.9.12
   Compiling scopeguard v1.2.0
   Compiling futures-sink v0.3.33
   Compiling icu_properties v2.2.0
   Compiling lock_api v0.4.14
   Compiling errno v0.3.14
   Compiling parking_lot v0.12.5
   Compiling block-buffer v0.10.4
   Compiling crypto-common v0.1.7
   Compiling slab v0.4.12
   Compiling core-foundation-sys v0.8.7
   Compiling digest v0.10.7
   Compiling cpufeatures v0.2.17
   Compiling unicode-segmentation v1.13.3
   Compiling signal-hook-registry v1.4.8
   Compiling futures-task v0.3.33
   Compiling futures-io v0.3.33
   Compiling futures-util v0.3.33
   Compiling mio v1.2.2
   Compiling tokio-macros v2.7.1
   Compiling mech-core v0.3.5 (/private/tmp/mech-v04-audit-20261006/src/core)
   Compiling socket2 v0.6.5
   Compiling crossbeam-utils v0.8.22
   Compiling tinyvec_macros v0.1.1
   Compiling tinyvec v1.12.0
   Compiling tokio v1.53.1
   Compiling arrayvec v0.7.8
   Compiling unicode-normalization v0.1.25
   Compiling grapheme_macro v2.0.0
   Compiling sha2 v0.10.9
   Compiling cranelift-srcgen v0.131.3
   Compiling getrandom v0.4.3
   Compiling crossbeam-epoch v0.9.20
   Compiling wasm-bindgen-shared v0.2.126
   Compiling colored v3.1.1
   Compiling foldhash v0.2.0
   Compiling hashbrown v0.16.1
   Compiling cranelift-assembler-x64-meta v0.131.3
   Compiling grapheme v1.3.0
   Compiling cmake v0.1.58
   Compiling aho-corasick v1.1.4
   Compiling regex-syntax v0.8.11
   Compiling crossbeam-deque v0.8.7
   Compiling rustversion v1.0.23
   Compiling fs_extra v1.3.0
   Compiling dunce v1.0.5
   Compiling pkg-config v0.3.33
   Compiling same-file v1.0.6
   Compiling wasmtime-internal-core v44.0.3
   Compiling aws-lc-sys v0.43.0
   Compiling walkdir v2.5.0
   Compiling regex-automata v0.4.16
   Compiling http v1.4.2
   Compiling blake3 v1.8.5
   Compiling mech-bytecode v0.3.5 (/private/tmp/mech-v04-audit-20261006/src/bytecode)
   Compiling mech-syntax v0.3.5 (/private/tmp/mech-v04-audit-20261006/src/syntax)
   Compiling bstr v1.13.0
   Compiling winnow v1.0.4
   Compiling icu_normalizer_data v2.2.0
   Compiling httparse v1.10.1
   Compiling toml_parser v1.1.2+spec-1.1.0
   Compiling mech-engine v0.3.5 (/private/tmp/mech-v04-audit-20261006/src/engine)
   Compiling globset v0.4.19
   Compiling core-foundation v0.9.4
   Compiling notify-types v2.1.0
   Compiling fsevent-sys v4.1.0
   Compiling winnow v0.7.15
   Compiling bumpalo v3.20.3
   Compiling zerocopy v0.8.55
   Compiling arrayref v0.3.9
   Compiling toml_datetime v0.7.5+spec-1.1.0
   Compiling cranelift-isle v0.131.3
   Compiling thiserror v1.0.69
   Compiling constant_time_eq v0.4.2
   Compiling cfg_aliases v0.1.1
   Compiling percent-encoding v2.3.2
   Compiling toml_writer v1.1.2+spec-1.1.0
   Compiling toml_edit v0.23.10+spec-1.0.0
   Compiling wasm-bindgen-macro-support v0.2.126
   Compiling mech-compute v0.3.5 (/private/tmp/mech-v04-audit-20261006/src/compute)
   Compiling notify v8.2.0
   Compiling wasm-bindgen v0.2.126
   Compiling ignore v0.4.31
   Compiling uuid v1.24.0
   Compiling tracing-core v0.1.36
   Compiling thiserror-impl v1.0.69
   Compiling aws-lc-rs v1.17.3
   Compiling heck v0.5.0
   Compiling cranelift-codegen-shared v0.131.3
   Compiling cranelift-codegen-meta v0.131.3
   Compiling tracing v0.1.44
   Compiling mech-runtime v0.3.5 (/private/tmp/mech-v04-audit-20261006/src/runtime)
   Compiling icu_normalizer v2.2.0
   Compiling wasm-bindgen-macro v0.2.126
   Compiling cranelift-bitset v0.131.3
   Compiling cranelift-assembler-x64 v0.131.3
   Compiling tokio-util v0.7.19
   Compiling target-lexicon v0.13.5
   Compiling allocator-api2 v0.2.21
   Compiling bitflags v1.3.2
   Compiling zeroize v1.9.0
   Compiling cranelift-entity v0.131.3
   Compiling cranelift-codegen v0.131.3
   Compiling ppv-lite86 v0.2.21
   Compiling idna_adapter v1.2.2
   Compiling form_urlencoded v1.2.2
   Compiling http v0.2.12
   Compiling arbitrary v1.4.2
   Compiling tower-service v0.3.3
   Compiling rustc-hash v2.1.3
   Compiling try-lock v0.2.5
   Compiling want v0.3.1
   Compiling regalloc2 v0.15.2
   Compiling cranelift-control v0.131.3
   Compiling idna v1.1.0
   Compiling js-sys v0.3.103
   Compiling cranelift-bforest v0.131.3
   Compiling rustls-pki-types v1.15.1
   Compiling http-body v1.1.0
   Compiling gimli v0.33.0
   Compiling futures-channel v0.3.33
   Compiling foreign-types-macros v0.2.4
   Compiling malloc_buf v0.0.6
   Compiling getrandom v0.2.17
   Compiling termcolor v1.4.1
   Compiling unicode-width v0.1.14
   Compiling untrusted v0.9.0
   Compiling bit-vec v0.6.3
   Compiling foreign-types-shared v0.3.1
   Compiling rustls v0.23.42
   Compiling system-configuration-sys v0.6.0
   Compiling foreign-types v0.5.0
   Compiling bit-set v0.5.3
   Compiling codespan-reporting v0.11.1
   Compiling rand_core v0.6.4
   Compiling objc v0.2.7
   Compiling web-sys v0.3.103
   Compiling url v2.5.8
   Compiling rustls-webpki v0.103.13
   Compiling core-graphics-types v0.1.3
   Compiling wgpu-hal v0.21.1
   Compiling block v0.1.6
   Compiling simd-adler32 v0.3.10
   Compiling objc2 v0.6.4
   Compiling mime v0.3.17
   Compiling unicode-xid v0.2.6
   Compiling atomic-waker v1.1.2
   Compiling rustc-hash v1.1.0
   Compiling subtle v2.6.1
   Compiling adler2 v2.0.1
   Compiling litrs v1.0.0
   Compiling cfg_aliases v0.2.2
   Compiling getrandom v0.3.4
   Compiling hexf-parse v0.2.1
   Compiling anyhow v1.0.104
   Compiling document-features v0.2.12
   Compiling naga v0.20.0
   Compiling nix v0.31.3
   Compiling miniz_oxide v0.8.9
   Compiling h2 v0.4.15
   Compiling metal v0.28.0
   Compiling rand_chacha v0.3.1
   Compiling wgpu-core v0.21.1
   Compiling sha1 v0.10.7
   Compiling wgpu-types v0.20.0
   Compiling libloading v0.8.9
   Compiling signal-hook v0.3.18
   Compiling objc2-encode v4.1.0
   Compiling time-core v0.1.9
   Compiling raw-window-handle v0.6.2
   Compiling utf8parse v0.2.2
   Compiling unicase v2.9.0
   Compiling rustix v1.1.4
   Compiling thiserror v2.0.19
   Compiling profiling v1.0.18
   Compiling num-conv v0.2.2
   Compiling camino v1.2.5
   Compiling time-macros v0.2.32
   Compiling mime_guess v2.0.5
   Compiling anstyle-parse v1.0.0
   Compiling system-configuration v0.7.0
   Compiling rand v0.8.7
   Compiling toml v0.5.11
   Compiling hyper v1.11.0
   Compiling flate2 v1.1.9
   Compiling wgpu v0.20.1
   Compiling convert_case v0.10.0
   Compiling core-foundation v0.10.1
   Compiling security-framework-sys v2.17.0
   Compiling iana-time-zone v0.1.65
   Compiling sync_wrapper v1.0.2
   Compiling multer v2.1.0
   Compiling thiserror-impl v2.0.19
   Compiling mach2 v0.4.3
   Compiling encoding_rs v0.8.35
   Compiling tower-layer v0.3.3
   Compiling ipnet v2.12.0
   Compiling httpdate v1.0.3
   Compiling powerfmt v0.2.0
   Compiling either v1.16.0
   Compiling colorchoice v1.0.5
   Compiling utf-8 v0.7.6
   Compiling compression-core v0.4.32
   Compiling is_terminal_polyfill v1.70.2
   Compiling data-encoding v2.11.0
   Compiling portable-atomic v1.14.0
   Compiling anstyle-query v1.1.5
   Compiling ryu v1.0.23
   Compiling anstyle v1.0.14
   Compiling deranged v0.5.8
   Compiling anstream v1.0.0
   Compiling tungstenite v0.21.0
   Compiling compression-codecs v0.4.38
   Compiling time v0.3.54
   Compiling itertools v0.14.0
   Compiling hyper-util v0.1.20
   Compiling tower v0.5.3
   Compiling region v3.0.2
   Compiling security-framework v3.7.0
   Compiling chrono v0.4.45
   Compiling derive_more-impl v2.1.1
   Compiling cranelift-module v0.131.3
   Compiling winres v0.1.12
   Compiling rand_core v0.9.5
   Compiling block2 v0.6.2
   Compiling tokio-rustls v0.26.4
   Compiling cranelift-native v0.131.3
   Compiling headers-core v0.2.0
   Compiling h2 v0.3.27
   Compiling http-body v0.4.6
   Compiling wasmtime-internal-jit-icache-coherence v44.0.3
   Compiling pin-project-internal v1.1.13
   Compiling cargo-platform v0.3.3
   Compiling semver v1.0.28
   Compiling socket2 v0.5.10
   Compiling filetime v0.2.29
   Compiling clap_lex v1.1.0
   Compiling bit-vec v0.7.0
   Compiling static_assertions v1.1.0
   Compiling spin v0.9.9
   Compiling strsim v0.11.1
   Compiling mech-stdlib v0.3.5 (/private/tmp/mech-v04-audit-20261006/src/stdlib)
   Compiling base64 v0.21.7
   Compiling crc-catalog v2.5.0
   Compiling crc v3.4.0
   Compiling hyper v0.14.32
   Compiling headers v0.3.9
   Compiling clap_builder v4.6.2
   Compiling bit-set v0.6.0
   Compiling filetime_creation v0.2.0
   Compiling cargo_metadata v0.23.1
   Compiling pin-project v1.1.13
   Compiling cranelift-jit v0.131.3
   Compiling hyper-rustls v0.27.9
   Compiling signal-hook-mio v0.2.5
   Compiling dispatch2 v0.3.1
   Compiling mech v0.3.6 (/private/tmp/mech-v04-audit-20261006)
   Compiling rand_chacha v0.9.0
   Compiling derive_more v2.1.1
   Compiling mech-time v0.3.5 (/private/tmp/mech-v04-audit-20261006/hosts/time)
   Compiling rustls-platform-verifier v0.7.0
   Compiling mech-combinatorics v0.3.5 (/private/tmp/mech-v04-audit-20261006/machines/combinatorics)
   Compiling tower-http v0.6.11
   Compiling nt-time v0.8.1
   Compiling tokio-tungstenite v0.21.0
   Compiling async-compression v0.4.42
   Compiling serde_urlencoded v0.7.1
   Compiling cranelift-frontend v0.131.3
   Compiling mech-console v0.3.5 (/private/tmp/mech-v04-audit-20261006/hosts/console)
   Compiling mech-timer v0.3.5 (/private/tmp/mech-v04-audit-20261006/hosts/timer)
   Compiling mech-scene v0.3.5 (/private/tmp/mech-v04-audit-20261006/hosts/scene)
   Compiling http-body-util v0.1.4
   Compiling mech-terminal v0.3.5 (/private/tmp/mech-v04-audit-20261006/hosts/terminal)
   Compiling mech-math v0.3.5 (/private/tmp/mech-v04-audit-20261006/machines/math)
   Compiling mech-set v0.3.5 (/private/tmp/mech-v04-audit-20261006/machines/set)
   Compiling mech-stats v0.3.5 (/private/tmp/mech-v04-audit-20261006/machines/stats)
   Compiling mech-range v0.3.5 (/private/tmp/mech-v04-audit-20261006/machines/range)
   Compiling mech-logic v0.3.5 (/private/tmp/mech-v04-audit-20261006/machines/logic)
   Compiling mech-matrix v0.3.5 (/private/tmp/mech-v04-audit-20261006/machines/matrix)
   Compiling mech-compare v0.3.5 (/private/tmp/mech-v04-audit-20261006/machines/compare)
   Compiling mech-string v0.3.5 (/private/tmp/mech-v04-audit-20261006/machines/string)
   Compiling console v0.16.4
   Compiling lzma-rust v0.1.7
   Compiling csv-core v0.1.13
   Compiling include_dir_macros v0.7.4
   Compiling unit-prefix v0.5.2
   Compiling scoped-tls v1.0.1
   Compiling pollster v0.3.0
   Compiling fastrand v2.5.0
   Compiling minimal-lexical v0.2.1
   Compiling web-time v1.1.0
   Compiling glob v0.3.4
   Compiling include_dir v0.7.4
   Compiling mech-gpu v0.3.5 (/private/tmp/mech-v04-audit-20261006/hosts/gpu)
   Compiling nom v7.1.3
   Compiling tempfile v3.27.0
   Compiling warp v0.3.7
   Compiling indicatif v0.18.6
   Compiling csv v1.4.0
   Compiling sevenz-rust v0.6.1
   Compiling mech-build v0.3.5 (/private/tmp/mech-v04-audit-20261006/src/build)
   Compiling reqwest v0.13.4
   Compiling crossterm v0.29.0
   Compiling rand v0.9.5
   Compiling ctrlc v3.5.2
   Compiling clap v4.6.4
   Compiling mech-browser v0.3.5 (/private/tmp/mech-v04-audit-20261006/hosts/browser)
   Compiling crossbeam-channel v0.5.16
    Finished `dev` profile [unoptimized + debuginfo] target(s) in 12m 13s
