   Compiling libc v0.2.189
   Compiling num-traits v0.2.19
   Compiling syn v3.0.3
   Compiling memchr v2.8.3
   Compiling num-integer v0.1.46
   Compiling num-bigint v0.4.8
   Compiling wide v0.7.33
   Compiling serde_derive v1.0.229
   Compiling approx v0.5.1
   Compiling num-complex v0.4.6
   Compiling unicode-width v0.2.2
   Compiling bytecount v0.6.9
   Compiling fnv v1.0.7
   Compiling serde_json v1.0.151
   Compiling papergrid v0.17.0
   Compiling serde v1.0.229
   Compiling simba v0.9.1
   Compiling num-rational v0.4.2
   Compiling cpufeatures v0.3.0
   Compiling bincode v2.0.1
   Compiling sha2 v0.11.0
   Compiling nalgebra v0.34.2
   Compiling tabled v0.20.0
   Compiling cfg_aliases v0.1.1
   Compiling bitflags v2.13.1
   Compiling log v0.4.33
   Compiling crossbeam-utils v0.8.22
   Compiling arrayvec v0.7.8
   Compiling parking_lot_core v0.9.12
   Compiling core-foundation-sys v0.8.7
   Compiling thiserror v1.0.69
   Compiling core-foundation v0.9.4
   Compiling mech-core v0.3.5 (/private/tmp/mech-v04-audit-20261006/src/core)
   Compiling foreign-types-macros v0.2.4
   Compiling malloc_buf v0.0.6
   Compiling cpufeatures v0.2.17
   Compiling thiserror-impl v1.0.69
   Compiling foreign-types-shared v0.3.1
   Compiling unicode-width v0.1.14
   Compiling shlex v2.0.1
   Compiling colored v3.1.1
   Compiling find-msvc-tools v0.1.9
   Compiling termcolor v1.4.1
   Compiling bit-vec v0.6.3
   Compiling bitflags v1.3.2
   Compiling scopeguard v1.2.0
   Compiling crossbeam-epoch v0.9.20
   Compiling lock_api v0.4.14
   Compiling core-graphics-types v0.1.3
   Compiling bit-set v0.5.3
   Compiling codespan-reporting v0.11.1
   Compiling cc v1.3.0
   Compiling foreign-types v0.5.0
   Compiling sha2 v0.10.9
   Compiling objc v0.2.7
   Compiling wgpu-hal v0.21.1
   Compiling aho-corasick v1.1.4
   Compiling same-file v1.0.6
   Compiling block v0.1.6
   Compiling unicode-xid v0.2.6
   Compiling getrandom v0.4.3
   Compiling crossbeam-deque v0.8.7
   Compiling regex-syntax v0.8.11
   Compiling hexf-parse v0.2.1
   Compiling rustc-hash v1.1.0
   Compiling naga v0.20.0
   Compiling mech-bytecode v0.3.5 (/private/tmp/mech-v04-audit-20261006/src/bytecode)
   Compiling mech-syntax v0.3.5 (/private/tmp/mech-v04-audit-20261006/src/syntax)
   Compiling mech-engine v0.3.5 (/private/tmp/mech-v04-audit-20261006/src/engine)
   Compiling regex-automata v0.4.16
   Compiling metal v0.28.0
   Compiling walkdir v2.5.0
   Compiling parking_lot v0.12.5
   Compiling blake3 v1.8.5
   Compiling wgpu-types v0.20.0
   Compiling wgpu-core v0.21.1
   Compiling bstr v1.13.0
   Compiling libloading v0.8.9
   Compiling winnow v1.0.4
   Compiling profiling v1.0.18
   Compiling once_cell v1.21.4
   Compiling raw-window-handle v0.6.2
   Compiling litrs v1.0.0
   Compiling document-features v0.2.12
   Compiling toml_parser v1.1.2+spec-1.1.0
   Compiling globset v0.4.19
   Compiling notify-types v2.1.0
   Compiling wgpu v0.20.1
   Compiling fsevent-sys v4.1.0
   Compiling toml_datetime v0.7.5+spec-1.1.0
   Compiling arrayref v0.3.9
   Compiling constant_time_eq v0.4.2
   Compiling toml_writer v1.1.2+spec-1.1.0
   Compiling winnow v0.7.15
   Compiling either v1.16.0
   Compiling itertools v0.14.0
   Compiling toml_edit v0.23.10+spec-1.0.0
   Compiling notify v8.2.0
   Compiling uuid v1.24.0
   Compiling ignore v0.4.31
   Compiling static_assertions v1.1.0
   Compiling mech-stdlib v0.3.5 (/private/tmp/mech-v04-audit-20261006/src/stdlib)
   Compiling mech-combinatorics v0.3.5 (/private/tmp/mech-v04-audit-20261006/machines/combinatorics)
   Compiling mech-math v0.3.5 (/private/tmp/mech-v04-audit-20261006/machines/math)
   Compiling mech-compute v0.3.5 (/private/tmp/mech-v04-audit-20261006/src/compute)
   Compiling mech-runtime v0.3.5 (/private/tmp/mech-v04-audit-20261006/src/runtime)
   Compiling mech-set v0.3.5 (/private/tmp/mech-v04-audit-20261006/machines/set)
   Compiling mech-logic v0.3.5 (/private/tmp/mech-v04-audit-20261006/machines/logic)
   Compiling mech-string v0.3.5 (/private/tmp/mech-v04-audit-20261006/machines/string)
   Compiling mech-compare v0.3.5 (/private/tmp/mech-v04-audit-20261006/machines/compare)
   Compiling mech-range v0.3.5 (/private/tmp/mech-v04-audit-20261006/machines/range)
   Compiling mech-matrix v0.3.5 (/private/tmp/mech-v04-audit-20261006/machines/matrix)
   Compiling mech-stats v0.3.5 (/private/tmp/mech-v04-audit-20261006/machines/stats)
   Compiling web-time v1.1.0
   Compiling pollster v0.3.0
   Compiling mech-gpu v0.3.5 (/private/tmp/mech-v04-audit-20261006/hosts/gpu)
    Finished `test` profile [unoptimized] target(s) in 13m 04s
     Running tests/canonical_publication.rs (/private/tmp/mech-v04-target-product/debug/deps/canonical_publication-570a326a503ae265)

running 1 test

thread 'native_gpu_publications_use_current_input_and_transactional_state' (933640) panicked at hosts/gpu/tests/canonical_publication.rs:592:9:
native publication coverage requires actual wgpu execution: backend `wgpu` rejected the program: no compatible native wgpu adapter is available
note: run with `RUST_BACKTRACE=1` environment variable to display a backtrace
test native_gpu_publications_use_current_input_and_transactional_state ... FAILED

failures:

failures:
    native_gpu_publications_use_current_input_and_transactional_state

test result: FAILED. 0 passed; 1 failed; 0 ignored; 0 measured; 9 filtered out; finished in 15.59s

error: test failed, to rerun pass `-p mech-gpu --test canonical_publication`
