[54637:974846:1006/112849.804252:ERROR:components/os_crypt/common/keychain_password_mac.mm:102] Keychain lookup failed: Error Domain=NSOSStatusErrorDomain Code=-25308 "errKCInteractionNotAllowed / errSecInteractionNotAllowed: / Interaction is not allowed with the Security Server." (-25308)

DevTools listening on ws://127.0.0.1:49176/devtools/browser/1ffc1e53-adb2-40ae-99dc-a394d8729ae7
Trying to load the allocator multiple times. This is *not* supported.
[54637:974842:1006/112850.071962:ERROR:components/password_manager/core/browser/password_store/login_database_async_helper.cc:99] Encryption is not available.
[54637:974844:1006/112850.073406:ERROR:components/password_manager/core/browser/password_store/login_database_async_helper.cc:99] Encryption is not available.
[54649:974873:1006/112850.078045:ERROR:ui/display/mac/cv_display_link_mac.mm:188] CVDisplayLinkCreateWithCGDisplay failed. CVReturn: -6670
[54649:974942:1006/112850.079956:ERROR:ui/display/mac/cv_display_link_mac.mm:188] CVDisplayLinkCreateWithCGDisplay failed. CVReturn: -6670
[54649:974873:1006/112850.080221:ERROR:ui/display/mac/cv_display_link_mac.mm:188] CVDisplayLinkCreateWithCGDisplay failed. CVReturn: -6670
[54649:974942:1006/112850.080708:ERROR:ui/display/mac/cv_display_link_mac.mm:188] CVDisplayLinkCreateWithCGDisplay failed. CVReturn: -6670
[54649:974873:1006/112850.084493:ERROR:ui/display/mac/cv_display_link_mac.mm:188] CVDisplayLinkCreateWithCGDisplay failed. CVReturn: -6670
[54649:974942:1006/112850.087153:ERROR:ui/display/mac/cv_display_link_mac.mm:188] CVDisplayLinkCreateWithCGDisplay failed. CVReturn: -6670
[54649:974873:1006/112850.087540:ERROR:ui/display/mac/cv_display_link_mac.mm:188] CVDisplayLinkCreateWithCGDisplay failed. CVReturn: -6670
[54649:974942:1006/112850.087597:ERROR:ui/display/mac/cv_display_link_mac.mm:188] CVDisplayLinkCreateWithCGDisplay failed. CVReturn: -6670
[54649:974873:1006/112850.087735:ERROR:ui/display/mac/cv_display_link_mac.mm:188] CVDisplayLinkCreateWithCGDisplay failed. CVReturn: -6670
[54649:974942:1006/112850.087786:ERROR:ui/display/mac/cv_display_link_mac.mm:188] CVDisplayLinkCreateWithCGDisplay failed. CVReturn: -6670
[54649:974873:1006/112850.087947:ERROR:ui/display/mac/cv_display_link_mac.mm:188] CVDisplayLinkCreateWithCGDisplay failed. CVReturn: -6670
[54649:974942:1006/112850.088358:ERROR:ui/display/mac/cv_display_link_mac.mm:188] CVDisplayLinkCreateWithCGDisplay failed. CVReturn: -6670
[54649:974873:1006/112852.142504:ERROR:ui/display/mac/cv_display_link_mac.mm:188] CVDisplayLinkCreateWithCGDisplay failed. CVReturn: -6670
[54649:974942:1006/112852.142603:ERROR:ui/display/mac/cv_display_link_mac.mm:188] CVDisplayLinkCreateWithCGDisplay failed. CVReturn: -6670
[54649:974873:1006/112852.243750:ERROR:ui/display/mac/cv_display_link_mac.mm:188] CVDisplayLinkCreateWithCGDisplay failed. CVReturn: -6670
[54649:974942:1006/112852.243837:ERROR:ui/display/mac/cv_display_link_mac.mm:188] CVDisplayLinkCreateWithCGDisplay failed. CVReturn: -6670
[54649:974873:1006/112852.292918:ERROR:ui/display/mac/cv_display_link_mac.mm:188] CVDisplayLinkCreateWithCGDisplay failed. CVReturn: -6670
[54649:974942:1006/112852.293082:ERROR:ui/display/mac/cv_display_link_mac.mm:188] CVDisplayLinkCreateWithCGDisplay failed. CVReturn: -6670
[54637:974847:1006/112852.371471:ERROR:google_apis/gcm/engine/registration_request.cc:291] Registration response error message: QUOTA_EXCEEDED
[54649:974873:1006/112852.389464:ERROR:ui/display/mac/cv_display_link_mac.mm:188] CVDisplayLinkCreateWithCGDisplay failed. CVReturn: -6670
[54649:974942:1006/112852.389587:ERROR:ui/display/mac/cv_display_link_mac.mm:188] CVDisplayLinkCreateWithCGDisplay failed. CVReturn: -6670
[54649:974873:1006/112852.476887:ERROR:ui/display/mac/cv_display_link_mac.mm:188] CVDisplayLinkCreateWithCGDisplay failed. CVReturn: -6670
[54649:974942:1006/112852.476990:ERROR:ui/display/mac/cv_display_link_mac.mm:188] CVDisplayLinkCreateWithCGDisplay failed. CVReturn: -6670
[54649:974873:1006/112852.588318:ERROR:ui/display/mac/cv_display_link_mac.mm:188] CVDisplayLinkCreateWithCGDisplay failed. CVReturn: -6670
[54649:974942:1006/112852.588425:ERROR:ui/display/mac/cv_display_link_mac.mm:188] CVDisplayLinkCreateWithCGDisplay failed. CVReturn: -6670
[54649:974873:1006/112852.653344:ERROR:ui/display/mac/cv_display_link_mac.mm:188] CVDisplayLinkCreateWithCGDisplay failed. CVReturn: -6670
[54649:974942:1006/112852.653453:ERROR:ui/display/mac/cv_display_link_mac.mm:188] CVDisplayLinkCreateWithCGDisplay failed. CVReturn: -6670
[54649:974873:1006/112852.746759:ERROR:ui/display/mac/cv_display_link_mac.mm:188] CVDisplayLinkCreateWithCGDisplay failed. CVReturn: -6670
[54649:974942:1006/112852.747657:ERROR:ui/display/mac/cv_display_link_mac.mm:188] CVDisplayLinkCreateWithCGDisplay failed. CVReturn: -6670
Created TensorFlow Lite XNNPACK delegate for CPU.
Created TensorFlow Lite XNNPACK delegate for CPU.
[54637:974847:1006/112924.380981:ERROR:google_apis/gcm/engine/connection_factory_impl.cc:484] ConnectionHandler failed with net error: -2
