[55581:986871:1006/113300.322649:ERROR:components/os_crypt/common/keychain_password_mac.mm:102] Keychain lookup failed: Error Domain=NSOSStatusErrorDomain Code=-25308 "errKCInteractionNotAllowed / errSecInteractionNotAllowed: / Interaction is not allowed with the Security Server." (-25308)

DevTools listening on ws://127.0.0.1:49665/devtools/browser/23b573b0-fe8f-45c8-8804-5ea1f8788112
Trying to load the allocator multiple times. This is *not* supported.
[55581:986869:1006/113300.547717:ERROR:components/password_manager/core/browser/password_store/login_database_async_helper.cc:99] Encryption is not available.
[55581:986867:1006/113300.551130:ERROR:components/password_manager/core/browser/password_store/login_database_async_helper.cc:99] Encryption is not available.
[55586:986888:1006/113300.560663:ERROR:ui/display/mac/cv_display_link_mac.mm:188] CVDisplayLinkCreateWithCGDisplay failed. CVReturn: -6670
[55586:986964:1006/113300.561942:ERROR:ui/display/mac/cv_display_link_mac.mm:188] CVDisplayLinkCreateWithCGDisplay failed. CVReturn: -6670
[55586:986888:1006/113300.563045:ERROR:ui/display/mac/cv_display_link_mac.mm:188] CVDisplayLinkCreateWithCGDisplay failed. CVReturn: -6670
[55586:986964:1006/113300.567615:ERROR:ui/display/mac/cv_display_link_mac.mm:188] CVDisplayLinkCreateWithCGDisplay failed. CVReturn: -6670
[55586:986888:1006/113300.568109:ERROR:ui/display/mac/cv_display_link_mac.mm:188] CVDisplayLinkCreateWithCGDisplay failed. CVReturn: -6670
[55586:986964:1006/113300.571247:ERROR:ui/display/mac/cv_display_link_mac.mm:188] CVDisplayLinkCreateWithCGDisplay failed. CVReturn: -6670
[55586:986888:1006/113300.571817:ERROR:ui/display/mac/cv_display_link_mac.mm:188] CVDisplayLinkCreateWithCGDisplay failed. CVReturn: -6670
[55586:986964:1006/113300.571875:ERROR:ui/display/mac/cv_display_link_mac.mm:188] CVDisplayLinkCreateWithCGDisplay failed. CVReturn: -6670
[55586:986888:1006/113300.572203:ERROR:ui/display/mac/cv_display_link_mac.mm:188] CVDisplayLinkCreateWithCGDisplay failed. CVReturn: -6670
[55586:986964:1006/113300.572397:ERROR:ui/display/mac/cv_display_link_mac.mm:188] CVDisplayLinkCreateWithCGDisplay failed. CVReturn: -6670
[55586:986888:1006/113300.572654:ERROR:ui/display/mac/cv_display_link_mac.mm:188] CVDisplayLinkCreateWithCGDisplay failed. CVReturn: -6670
[55586:986964:1006/113300.572714:ERROR:ui/display/mac/cv_display_link_mac.mm:188] CVDisplayLinkCreateWithCGDisplay failed. CVReturn: -6670
[55581:986803:1006/113302.091786:ERROR:content/browser/network_service_instance_impl.cc:653] Network service crashed or was terminated, restarting service.
[55581:986803:1006/113302.092798:ERROR:content/browser/gpu/gpu_process_host.cc:1130] GPU process exited unexpectedly: exit_code=15
[55612:987204:1006/113302.141204:ERROR:base/apple/mach_port_rendezvous_mac.cc:256] bootstrap_look_up com.google.Chrome.MachPortRendezvousServer.1: Unknown service name (1102)
[55612:987204:1006/113302.141451:ERROR:base/memory/shared_memory_switch.cc:261] No rendezvous client, terminating process (parent died?)
[55613:987205:1006/113302.147018:ERROR:base/apple/mach_port_rendezvous_mac.cc:256] bootstrap_look_up com.google.Chrome.MachPortRendezvousServer.1: Unknown service name (1102)
[55613:987205:1006/113302.147215:ERROR:base/memory/shared_memory_switch.cc:261] No rendezvous client, terminating process (parent died?)
