   Compiling proc-macro2 v1.0.107
   Compiling unicode-ident v1.0.24
   Compiling quote v1.0.47
    Checking cfg-if v1.0.4
    Checking typenum v1.20.1
   Compiling autocfg v1.5.1
   Compiling serde_core v1.0.229
   Compiling libm v0.2.16
   Compiling serde v1.0.229
   Compiling wasm-bindgen-shared v0.2.126
   Compiling zmij v1.0.23
   Compiling num-traits v0.2.19
   Compiling serde_json v1.0.151
    Checking itoa v1.0.18
   Compiling paste v1.0.15
    Checking hybrid-array v0.4.14
    Checking bytemuck v1.25.2
    Checking safe_arch v0.7.4
   Compiling syn v2.0.119
   Compiling syn v3.0.3
   Compiling matrixmultiply v0.3.11
    Checking memchr v2.8.3
    Checking alloc-no-stdlib v2.0.4
    Checking alloc-stdlib v0.2.4
    Checking block-buffer v0.12.1
    Checking crypto-common v0.2.2
    Checking wide v0.7.33
    Checking hashbrown v0.17.1
    Checking num-integer v0.1.46
    Checking approx v0.5.1
    Checking num-complex v0.4.6
    Checking num-bigint v0.4.8
   Compiling crc32fast v1.5.0
    Checking unicode-width v0.2.2
    Checking bytecount v0.6.9
   Compiling rustversion v1.0.23
    Checking rawpointer v0.2.1
   Compiling virtue v0.0.18
    Checking equivalent v1.0.2
    Checking fnv v1.0.7
    Checking papergrid v0.17.0
    Checking indexmap v2.14.0
    Checking num-rational v0.4.2
    Checking simba v0.9.1
   Compiling bincode_derive v2.0.1
    Checking digest v0.11.3
    Checking brotli-decompressor v5.0.3
    Checking unty v0.0.4
    Checking sha2 v0.11.0
    Checking tabled v0.20.0
    Checking brotli v8.0.4
    Checking base64 v0.22.1
    Checking seahash v4.1.0
   Compiling bumpalo v3.20.3
   Compiling serde_derive v1.0.229
    Checking byteorder v1.5.0
    Checking stable_deref_trait v1.2.1
    Checking once_cell v1.21.4
    Checking futures-core v0.3.33
   Compiling version_check v0.9.5
    Checking slab v0.4.12
   Compiling wasm-bindgen v0.2.126
    Checking futures-task v0.3.33
   Compiling synstructure v0.13.2
   Compiling wasm-bindgen-macro-support v0.2.126
   Compiling generic-array v0.14.7
    Checking pin-project-lite v0.2.17
    Checking futures-util v0.3.33
   Compiling icu_properties_data v2.2.0
    Checking litemap v0.8.2
    Checking writeable v0.6.3
    Checking block-buffer v0.10.4
    Checking crypto-common v0.1.7
    Checking utf8_iter v1.0.4
    Checking digest v0.10.7
    Checking tinyvec_macros v0.1.1
    Checking tinyvec v1.12.0
   Compiling semver v1.0.28
   Compiling unicode-segmentation v1.13.3
    Checking unicode-normalization v0.1.25
   Compiling rustc_version v0.4.1
    Checking sha2 v0.10.9
   Compiling shlex v2.0.1
   Compiling find-msvc-tools v0.1.9
    Checking smallvec v1.15.2
    Checking colored v3.1.1
   Compiling curve25519-dalek v4.1.3
   Compiling cc v1.3.0
    Checking winnow v1.0.4
    Checking signature v2.2.0
    Checking zeroize v1.9.0
    Checking subtle v2.6.1
   Compiling nalgebra-macros v0.3.0
   Compiling zerofrom-derive v0.1.7
   Compiling yoke-derive v0.8.2
   Compiling zerovec-derive v0.11.3
   Compiling displaydoc v0.2.6
    Checking nalgebra v0.34.2
    Checking bincode v2.0.1
   Compiling grapheme_macro v2.0.0
    Checking toml_parser v1.1.2+spec-1.1.0
    Checking ed25519 v2.2.3
    Checking arrayvec v0.7.8
    Checking toml_datetime v0.7.5+spec-1.1.0
    Checking arrayref v0.3.9
    Checking winnow v0.7.15
    Checking toml_writer v1.1.2+spec-1.1.0
   Compiling blake3 v1.8.5
    Checking zerofrom v0.1.8
    Checking constant_time_eq v0.4.2
    Checking rand_core v0.6.4
   Compiling thiserror v1.0.69
    Checking yoke v0.8.3
    Checking ed25519-dalek v2.2.0
    Checking either v1.16.0
    Checking zerovec v0.11.6
    Checking zerotrie v0.2.4
    Checking itertools v0.14.0
   Compiling thiserror-impl v1.0.69
   Compiling pin-project-internal v1.1.13
   Compiling mech-stdlib v0.3.5 (/private/tmp/mech-v04-audit-20261006/src/stdlib)
    Checking tinystr v0.8.3
   Compiling wasm-bindgen-macro v0.2.126
    Checking icu_locale_core v2.2.0
    Checking potential_utf v0.1.5
    Checking icu_collections v2.2.0
    Checking toml_edit v0.23.10+spec-1.0.0
    Checking bytes v1.12.1
    Checking pin-project v1.1.13
    Checking futures-channel v0.3.33
    Checking adler2 v2.0.1
    Checking futures-sink v0.3.33
    Checking http v1.4.2
    Checking miniz_oxide v0.8.9
    Checking icu_provider v2.2.0
    Checking icu_properties v2.2.0
    Checking js-sys v0.3.103
    Checking uuid v1.24.0
    Checking grapheme v1.3.0
    Checking mech-core v0.3.5 (/private/tmp/mech-v04-audit-20261006/src/core)
    Checking web-time v1.1.0
    Checking web-sys v0.3.103
    Checking wasm-bindgen-futures v0.4.76
    Checking serde-wasm-bindgen v0.6.5
    Checking mech-syntax v0.3.5 (/private/tmp/mech-v04-audit-20261006/src/syntax)
    Checking mech-bytecode v0.3.5 (/private/tmp/mech-v04-audit-20261006/src/bytecode)
    Checking mech-range v0.3.5 (/private/tmp/mech-v04-audit-20261006/machines/range)
    Checking mech-math v0.3.5 (/private/tmp/mech-v04-audit-20261006/machines/math)
    Checking mech-stats v0.3.5 (/private/tmp/mech-v04-audit-20261006/machines/stats)
    Checking mech-string v0.3.5 (/private/tmp/mech-v04-audit-20261006/machines/string)
    Checking mech-combinatorics v0.3.5 (/private/tmp/mech-v04-audit-20261006/machines/combinatorics)
    Checking mech-compare v0.3.5 (/private/tmp/mech-v04-audit-20261006/machines/compare)
    Checking mech-matrix v0.3.5 (/private/tmp/mech-v04-audit-20261006/machines/matrix)
    Checking mech-logic v0.3.5 (/private/tmp/mech-v04-audit-20261006/machines/logic)
    Checking mech-engine v0.3.5 (/private/tmp/mech-v04-audit-20261006/src/engine)
    Checking gloo-utils v0.2.0
    Checking gloo-net v0.6.0
    Checking mech-compute v0.3.5 (/private/tmp/mech-v04-audit-20261006/src/compute)
    Checking mech-runtime v0.3.5 (/private/tmp/mech-v04-audit-20261006/src/runtime)
    Checking mech-console v0.3.5 (/private/tmp/mech-v04-audit-20261006/hosts/console)
    Checking mech-browser v0.3.5 (/private/tmp/mech-v04-audit-20261006/hosts/browser)
    Checking mech-time v0.3.5 (/private/tmp/mech-v04-audit-20261006/hosts/time)
    Checking mech-timer v0.3.5 (/private/tmp/mech-v04-audit-20261006/hosts/timer)
    Checking mech-gpu v0.3.5 (/private/tmp/mech-v04-audit-20261006/hosts/gpu)
    Checking mech-scene v0.3.5 (/private/tmp/mech-v04-audit-20261006/hosts/scene)
    Checking mech-wasm v0.3.5 (/private/tmp/mech-v04-audit-20261006/src/wasm)
    Finished `dev` profile [unoptimized + debuginfo] target(s) in 3m 15s
