   Compiling libc v0.2.189
   Compiling serde_json v1.0.151
   Compiling syn v2.0.119
   Compiling syn v3.0.3
   Compiling simba v0.9.1
   Compiling stable_deref_trait v1.2.1
   Compiling version_check v0.9.5
   Compiling wasm-bindgen-shared v0.2.126
   Compiling rustversion v1.0.23
   Compiling generic-array v0.14.7
   Compiling bumpalo v3.20.3
   Compiling futures-core v0.3.33
   Compiling futures-task v0.3.33
   Compiling wasm-bindgen v0.2.126
   Compiling pin-project-lite v0.2.17
   Compiling litemap v0.8.2
   Compiling icu_properties_data v2.2.0
   Compiling once_cell v1.21.4
   Compiling writeable v0.6.3
   Compiling cpufeatures v0.3.0
   Compiling sha2 v0.11.0
   Compiling slab v0.4.12
   Compiling futures-util v0.3.33
   Compiling crypto-common v0.1.7
   Compiling block-buffer v0.10.4
   Compiling digest v0.10.7
   Compiling unicode-segmentation v1.13.3
   Compiling tinyvec_macros v0.1.1
   Compiling utf8_iter v1.0.4
   Compiling semver v1.0.28
   Compiling tinyvec v1.12.0
   Compiling rustc_version v0.4.1
   Compiling cpufeatures v0.2.17
   Compiling unicode-normalization v0.1.25
   Compiling sha2 v0.10.9
   Compiling curve25519-dalek v4.1.3
   Compiling smallvec v1.15.2
   Compiling getrandom v0.4.3
   Compiling colored v3.1.1
   Compiling blake3 v1.8.5
   Compiling subtle v2.6.1
   Compiling signature v2.2.0
   Compiling winnow v1.0.4
   Compiling zeroize v1.9.0
   Compiling ed25519 v2.2.3
   Compiling constant_time_eq v0.4.2
   Compiling arrayvec v0.7.8
   Compiling winnow v0.7.15
   Compiling toml_parser v1.1.2+spec-1.1.0
   Compiling arrayref v0.3.9
   Compiling toml_writer v1.1.2+spec-1.1.0
   Compiling toml_datetime v0.7.5+spec-1.1.0
   Compiling ed25519-dalek v2.2.0
   Compiling uuid v1.24.0
   Compiling rand_core v0.6.4
   Compiling thiserror v1.0.69
   Compiling itertools v0.14.0
   Compiling mech-stdlib v0.3.5 (/private/tmp/mech-v04-audit-20261006/src/stdlib)
   Compiling bytes v1.12.1
   Compiling futures-channel v0.3.33
   Compiling futures-sink v0.3.33
   Compiling adler2 v2.0.1
   Compiling miniz_oxide v0.8.9
   Compiling wasm-bindgen-test-shared v0.2.126
   Compiling nu-ansi-term v0.50.3
   Compiling web-time v1.1.0
   Compiling serde_derive v1.0.229
   Compiling async-trait v0.1.91
   Compiling synstructure v0.13.2
   Compiling wasm-bindgen-macro-support v0.2.126
   Compiling toml_edit v0.23.10+spec-1.0.0
   Compiling http v1.4.2
   Compiling zerofrom-derive v0.1.7
   Compiling nalgebra-macros v0.3.0
   Compiling yoke-derive v0.8.2
   Compiling zerovec-derive v0.11.3
   Compiling nalgebra v0.34.2
   Compiling displaydoc v0.2.6
   Compiling grapheme_macro v2.0.0
   Compiling pin-project-internal v1.1.13
   Compiling thiserror-impl v1.0.69
   Compiling zerofrom v0.1.8
   Compiling yoke v0.8.3
   Compiling wasm-bindgen-test-macro v0.3.76
   Compiling zerovec v0.11.6
   Compiling zerotrie v0.2.4
   Compiling pin-project v1.1.13
   Compiling serde v1.0.229
   Compiling tinystr v0.8.3
   Compiling potential_utf v0.1.5
   Compiling icu_collections v2.2.0
   Compiling icu_locale_core v2.2.0
   Compiling bincode v2.0.1
   Compiling wasm-bindgen-macro v0.2.126
   Compiling icu_provider v2.2.0
   Compiling icu_properties v2.2.0
   Compiling js-sys v0.3.103
   Compiling grapheme v1.3.0
   Compiling mech-core v0.3.5 (/private/tmp/mech-v04-audit-20261006/src/core)
   Compiling web-sys v0.3.103
   Compiling wasm-bindgen-futures v0.4.76
   Compiling serde-wasm-bindgen v0.6.5
   Compiling wasm-bindgen-test v0.3.76
   Compiling gloo-utils v0.2.0
   Compiling gloo-net v0.6.0
   Compiling mech-syntax v0.3.5 (/private/tmp/mech-v04-audit-20261006/src/syntax)
   Compiling mech-range v0.3.5 (/private/tmp/mech-v04-audit-20261006/machines/range)
   Compiling mech-string v0.3.5 (/private/tmp/mech-v04-audit-20261006/machines/string)
   Compiling mech-stats v0.3.5 (/private/tmp/mech-v04-audit-20261006/machines/stats)
   Compiling mech-compare v0.3.5 (/private/tmp/mech-v04-audit-20261006/machines/compare)
   Compiling mech-logic v0.3.5 (/private/tmp/mech-v04-audit-20261006/machines/logic)
   Compiling mech-matrix v0.3.5 (/private/tmp/mech-v04-audit-20261006/machines/matrix)
   Compiling mech-combinatorics v0.3.5 (/private/tmp/mech-v04-audit-20261006/machines/combinatorics)
   Compiling mech-math v0.3.5 (/private/tmp/mech-v04-audit-20261006/machines/math)
   Compiling mech-engine v0.3.5 (/private/tmp/mech-v04-audit-20261006/src/engine)
   Compiling mech-runtime v0.3.5 (/private/tmp/mech-v04-audit-20261006/src/runtime)
   Compiling mech-scene v0.3.5 (/private/tmp/mech-v04-audit-20261006/hosts/scene)
   Compiling mech-browser v0.3.5 (/private/tmp/mech-v04-audit-20261006/hosts/browser)
   Compiling mech-time v0.3.5 (/private/tmp/mech-v04-audit-20261006/hosts/time)
   Compiling mech-timer v0.3.5 (/private/tmp/mech-v04-audit-20261006/hosts/timer)
   Compiling mech-console v0.3.5 (/private/tmp/mech-v04-audit-20261006/hosts/console)
   Compiling mech-wasm v0.3.5 (/private/tmp/mech-v04-audit-20261006/src/wasm)
error: unexpected `cfg` condition value: `type_inspection`
  --> src/wasm/src/lib.rs:45:7
   |
45 | #[cfg(feature = "type_inspection")]
   |       ^^^^^^^^^^^^^^^^^^^^^^^^^^^
   |
   = note: expected values for `feature` are: `access`, `assign`, `atom`, `base`, `baselib`, `bool`, `browser_compute`, `browser_compute_canary`, `browser_host_console`, `browser_host_dom`, `browser_host_scene`, `browser_host_time`, `browser_host_timer`, `browser_project`, `browser_project_core`, `c64`, `combinatorics`, `combinatorics_default`, `combinatorics_n_choose_k`, `compare`, `compare_default`, `compare_eq`, `compare_gt`, `compare_gte`, `compare_lt`, `compare_lte`, `compare_max`, `compare_min`, `compare_neq`, `compare_seq`, `compare_sneq`, `compiler`, `complex`, `convert`, and `default` and 176 more
   = help: consider adding `type_inspection` as a feature in `Cargo.toml`
   = note: see <https://doc.rust-lang.org/nightly/rustc/check-cfg/cargo-specifics.html> for more information about checking conditional configuration
   = note: `-D unexpected-cfgs` implied by `-D warnings`
   = help: to override `-D warnings` add `#[allow(unexpected_cfgs)]`

error: unexpected `cfg` condition value: `type_inspection`
  --> src/wasm/src/lib.rs:47:7
   |
47 | #[cfg(feature = "type_inspection")]
   |       ^^^^^^^^^^^^^^^^^^^^^^^^^^^
   |
   = note: expected values for `feature` are: `access`, `assign`, `atom`, `base`, `baselib`, `bool`, `browser_compute`, `browser_compute_canary`, `browser_host_console`, `browser_host_dom`, `browser_host_scene`, `browser_host_time`, `browser_host_timer`, `browser_project`, `browser_project_core`, `c64`, `combinatorics`, `combinatorics_default`, `combinatorics_n_choose_k`, `compare`, `compare_default`, `compare_eq`, `compare_gt`, `compare_gte`, `compare_lt`, `compare_lte`, `compare_max`, `compare_min`, `compare_neq`, `compare_seq`, `compare_sneq`, `compiler`, `complex`, `convert`, and `default` and 176 more
   = help: consider adding `type_inspection` as a feature in `Cargo.toml`
   = note: see <https://doc.rust-lang.org/nightly/rustc/check-cfg/cargo-specifics.html> for more information about checking conditional configuration

error: could not compile `mech-wasm` (lib) due to 2 previous errors
warning: build failed, waiting for other jobs to finish...
error: could not compile `mech-wasm` (lib test) due to 2 previous errors
