   Compiling wide v0.7.33
   Compiling mech-stdlib v0.3.5 (/private/tmp/mech-v04-audit-20261006/src/stdlib)
   Compiling simba v0.9.1
   Compiling nalgebra v0.34.2
   Compiling mech-core v0.3.5 (/private/tmp/mech-v04-audit-20261006/src/core)
   Compiling mech-bytecode v0.3.5 (/private/tmp/mech-v04-audit-20261006/src/bytecode)
   Compiling mech-syntax v0.3.5 (/private/tmp/mech-v04-audit-20261006/src/syntax)
   Compiling mech-logic v0.3.5 (/private/tmp/mech-v04-audit-20261006/machines/logic)
   Compiling mech-stats v0.3.5 (/private/tmp/mech-v04-audit-20261006/machines/stats)
   Compiling mech-matrix v0.3.5 (/private/tmp/mech-v04-audit-20261006/machines/matrix)
   Compiling mech-string v0.3.5 (/private/tmp/mech-v04-audit-20261006/machines/string)
   Compiling mech-compare v0.3.5 (/private/tmp/mech-v04-audit-20261006/machines/compare)
   Compiling mech-range v0.3.5 (/private/tmp/mech-v04-audit-20261006/machines/range)
   Compiling mech-math v0.3.5 (/private/tmp/mech-v04-audit-20261006/machines/math)
   Compiling mech-combinatorics v0.3.5 (/private/tmp/mech-v04-audit-20261006/machines/combinatorics)
   Compiling mech-engine v0.3.5 (/private/tmp/mech-v04-audit-20261006/src/engine)
   Compiling mech-compute v0.3.5 (/private/tmp/mech-v04-audit-20261006/src/compute)
   Compiling mech-runtime v0.3.5 (/private/tmp/mech-v04-audit-20261006/src/runtime)
   Compiling mech-timer v0.3.5 (/private/tmp/mech-v04-audit-20261006/hosts/timer)
   Compiling mech-scene v0.3.5 (/private/tmp/mech-v04-audit-20261006/hosts/scene)
   Compiling mech-console v0.3.5 (/private/tmp/mech-v04-audit-20261006/hosts/console)
   Compiling mech-browser v0.3.5 (/private/tmp/mech-v04-audit-20261006/hosts/browser)
   Compiling mech-time v0.3.5 (/private/tmp/mech-v04-audit-20261006/hosts/time)
   Compiling mech-gpu v0.3.5 (/private/tmp/mech-v04-audit-20261006/hosts/gpu)
   Compiling mech-wasm v0.3.5 (/private/tmp/mech-v04-audit-20261006/src/wasm)
    Finished `test` profile [unoptimized] target(s) in 9m 26s
     Running unittests src/lib.rs (/private/tmp/mech-v04-target-architecture/debug/deps/mech_wasm-3c5b3b61ca23e47d)

running 3 tests
test type_inspection::tests::semantic_interval_rejection_preserves_source_anchor ... ok
test type_inspection::tests::same_instance_rejects_and_recovers ... ok
NATIVE_TYPE_FIXTURES=[{"artifact_bytes":1088,"artifact_transport":"bytecode-v1 encoded and decoded before activation","diagnostics":[],"epoch":"InstanceEpoch(1)","inputs":[],"outputs":["Some(Schema { dimension_parameters: [], body: IntegerInterval(Unsigned { width: W8, lower: 1, upper: 10, upper_inclusive: false }) })"],"source":"answer := 1⟨u8:1..10⟩\nanswer\n","stages":{"activation":"completed","artifact_construction":"completed","correct_publication":"published; independent expected-value comparison required","execution":"completed","parsing":"completed","semantic_checking":"completed"},"target":"native resident CPU","values":[{"scalar_text":"1","schema":"IntegerInterval(Unsigned { width: W8, lower: 1, upper: 10, upper_inclusive: false })","shape":"ShapeInstance { parameter_values: [] }","transport":"exact Rust value text; no JavaScript Number conversion","value":"U8(1)"}]},{"artifact_bytes":1088,"artifact_transport":"bytecode-v1 encoded and decoded before activation","diagnostics":[],"epoch":"InstanceEpoch(1)","inputs":[],"outputs":["Some(Schema { dimension_parameters: [], body: IntegerInterval(Unsigned { width: W8, lower: 1, upper: 10, upper_inclusive: false }) })"],"source":"answer := 9⟨u8:1..10⟩\nanswer\n","stages":{"activation":"completed","artifact_construction":"completed","correct_publication":"published; independent expected-value comparison required","execution":"completed","parsing":"completed","semantic_checking":"completed"},"target":"native resident CPU","values":[{"scalar_text":"9","schema":"IntegerInterval(Unsigned { width: W8, lower: 1, upper: 10, upper_inclusive: false })","shape":"ShapeInstance { parameter_values: [] }","transport":"exact Rust value text; no JavaScript Number conversion","value":"U8(9)"}]},{"artifact_bytes":1088,"artifact_transport":"bytecode-v1 encoded and decoded before activation","diagnostics":[],"epoch":"InstanceEpoch(1)","inputs":[],"outputs":["Some(Schema { dimension_parameters: [], body: IntegerInterval(Unsigned { width: W8, lower: 1, upper: 10, upper_inclusive: true }) })"],"source":"answer := 10⟨u8:1..=10⟩\nanswer\n","stages":{"activation":"completed","artifact_construction":"completed","correct_publication":"published; independent expected-value comparison required","execution":"completed","parsing":"completed","semantic_checking":"completed"},"target":"native resident CPU","values":[{"scalar_text":"10","schema":"IntegerInterval(Unsigned { width: W8, lower: 1, upper: 10, upper_inclusive: true })","shape":"ShapeInstance { parameter_values: [] }","transport":"exact Rust value text; no JavaScript Number conversion","value":"U8(10)"}]},{"artifact_bytes":1605,"artifact_transport":"bytecode-v1 encoded and decoded before activation","diagnostics":[],"epoch":"InstanceEpoch(1)","inputs":[],"outputs":["Some(Schema { dimension_parameters: [], body: FloatingPoint(W64) })"],"source":"answer := math/sub(right: 3, left: 10)\nanswer\n","stages":{"activation":"completed","artifact_construction":"completed","correct_publication":"published; independent expected-value comparison required","execution":"completed","parsing":"completed","semantic_checking":"completed"},"target":"native resident CPU","values":[{"scalar_text":"7","schema":"FloatingPoint(W64)","shape":"ShapeInstance { parameter_values: [] }","transport":"exact Rust value text; no JavaScript Number conversion","value":"F64(F64Bits(4619567317775286272))"}]},{"artifact_bytes":1056,"artifact_transport":"bytecode-v1 encoded and decoded before activation","diagnostics":[],"epoch":"InstanceEpoch(1)","inputs":[],"outputs":["Some(Schema { dimension_parameters: [], body: UnsignedInteger(W128) })"],"source":"answer := 340282366920938463463374607431768211455u128\nanswer\n","stages":{"activation":"completed","artifact_construction":"completed","correct_publication":"published; independent expected-value comparison required","execution":"completed","parsing":"completed","semantic_checking":"completed"},"target":"native resident CPU","values":[{"scalar_text":"340282366920938463463374607431768211455","schema":"UnsignedInteger(W128)","shape":"ShapeInstance { parameter_values: [] }","transport":"exact Rust value text; no JavaScript Number conversion","value":"U128(340282366920938463463374607431768211455)"}]}]
test type_inspection::tests::fixtures_compare_independent_scalar_values ... ok

test result: ok. 3 passed; 0 failed; 0 ignored; 0 measured; 104 filtered out; finished in 3.53s

     Running tests/bytecode_v1.rs (/private/tmp/mech-v04-target-architecture/debug/deps/bytecode_v1-9176d60fb6439e1b)

running 0 tests

test result: ok. 0 passed; 0 failed; 0 ignored; 0 measured; 0 filtered out; finished in 0.00s

     Running tests/function_system_source_contract.rs (/private/tmp/mech-v04-target-architecture/debug/deps/function_system_source_contract-c5a2110817861939)

running 0 tests

test result: ok. 0 passed; 0 failed; 0 ignored; 0 measured; 0 filtered out; finished in 0.00s

