    Blocking waiting for file lock on build directory
   Compiling unicode-ident v1.0.24
    Checking hybrid-array v0.4.14
    Checking cfg-if v1.0.4
    Checking num-integer v0.1.46
   Compiling crc32fast v1.5.0
    Checking cpufeatures v0.3.0
    Checking indexmap v2.14.0
   Compiling icu_properties_data v2.2.0
    Checking litemap v0.8.2
   Compiling proc-macro2 v1.0.107
    Checking writeable v0.6.3
    Checking smallvec v1.15.2
    Checking either v1.16.0
    Checking num-rational v0.4.2
    Checking sha2 v0.10.9
    Checking itertools v0.14.0
   Compiling mech-stdlib v0.3.5 (/private/tmp/mech-v04-audit-20261006/src/stdlib)
   Compiling quote v1.0.47
   Compiling syn v2.0.119
   Compiling syn v3.0.3
    Checking block-buffer v0.12.1
    Checking crypto-common v0.2.2
    Checking digest v0.11.3
    Checking sha2 v0.11.0
   Compiling serde_derive v1.0.229
   Compiling synstructure v0.13.2
   Compiling nalgebra-macros v0.3.0
   Compiling zerofrom-derive v0.1.7
   Compiling yoke-derive v0.8.2
   Compiling zerovec-derive v0.11.3
   Compiling displaydoc v0.2.6
   Compiling grapheme_macro v2.0.0
    Checking serde v1.0.229
    Checking nalgebra v0.34.2
    Checking bincode v2.0.1
    Checking zerofrom v0.1.8
    Checking yoke v0.8.3
    Checking zerovec v0.11.6
    Checking zerotrie v0.2.4
    Checking tinystr v0.8.3
    Checking potential_utf v0.1.5
    Checking icu_collections v2.2.0
    Checking icu_locale_core v2.2.0
    Checking icu_provider v2.2.0
    Checking icu_properties v2.2.0
    Checking grapheme v1.3.0
    Checking mech-core v0.3.5 (/private/tmp/mech-v04-audit-20261006/src/core)
    Checking mech-syntax v0.3.5 (/private/tmp/mech-v04-audit-20261006/src/syntax)
    Checking mech-compare v0.3.5 (/private/tmp/mech-v04-audit-20261006/machines/compare)
    Checking mech-matrix v0.3.5 (/private/tmp/mech-v04-audit-20261006/machines/matrix)
    Checking mech-set v0.3.5 (/private/tmp/mech-v04-audit-20261006/machines/set)
    Checking mech-combinatorics v0.3.5 (/private/tmp/mech-v04-audit-20261006/machines/combinatorics)
    Checking mech-logic v0.3.5 (/private/tmp/mech-v04-audit-20261006/machines/logic)
    Checking mech-range v0.3.5 (/private/tmp/mech-v04-audit-20261006/machines/range)
    Checking mech-string v0.3.5 (/private/tmp/mech-v04-audit-20261006/machines/string)
    Checking mech-math v0.3.5 (/private/tmp/mech-v04-audit-20261006/machines/math)
    Checking mech-stats v0.3.5 (/private/tmp/mech-v04-audit-20261006/machines/stats)
    Checking mech-engine v0.3.5 (/private/tmp/mech-v04-audit-20261006/src/engine)
error: static `PURE_VARIABLE_DEFINITION_CONTRACT` is never used
 --> src/engine/src/intrinsics/define.rs:8:19
  |
8 | pub(crate) static PURE_VARIABLE_DEFINITION_CONTRACT: std::sync::LazyLock<
  |                   ^^^^^^^^^^^^^^^^^^^^^^^^^^^^^^^^^
  |
  = note: `-D dead-code` implied by `-D warnings`
  = help: to override `-D warnings` add `#[expect(dead_code)]` or `#[allow(dead_code)]`

error: function `canonical_variable_definition_runtime_name` is never used
   --> src/engine/src/intrinsics/define.rs:156:15
    |
156 | pub(crate) fn canonical_variable_definition_runtime_name(
    |               ^^^^^^^^^^^^^^^^^^^^^^^^^^^^^^^^^^^^^^^^^^

error: could not compile `mech-engine` (lib) due to 2 previous errors
