   Compiling proc-macro2 v1.0.107
   Compiling unicode-ident v1.0.26
   Compiling quote v1.0.47
   Compiling autocfg v1.5.1
   Compiling typenum v1.20.1
   Compiling libm v0.2.16
   Compiling libc v0.2.189
   Compiling stable_deref_trait v1.2.1
   Compiling serde_core v1.0.229
   Compiling cfg-if v1.0.5
   Compiling version_check v0.9.5
   Compiling paste v1.0.15
   Compiling generic-array v0.14.7
   Compiling num-traits v0.2.19
   Compiling bytemuck v1.25.2
   Compiling safe_arch v0.7.4
   Compiling matrixmultiply v0.3.11
   Compiling zmij v1.0.23
   Compiling alloc-no-stdlib v2.0.4
   Compiling serde v1.0.229
   Compiling alloc-stdlib v0.2.4
   Compiling syn v3.0.6
   Compiling syn v2.0.119
   Compiling wide v0.7.33
   Compiling hybrid-array v0.4.15
   Compiling rawpointer v0.2.1
   Compiling icu_properties_data v2.3.0
   Compiling crc32fast v1.5.2
   Compiling virtue v0.0.18
   Compiling crypto-common v0.2.2
   Compiling block-buffer v0.12.1
   Compiling hashbrown v0.17.1
   Compiling litemap v0.8.3
   Compiling writeable v0.6.4
   Compiling equivalent v1.0.2
   Compiling num-complex v0.4.6
   Compiling approx v0.5.1
   Compiling num-integer v0.1.47
   Compiling serde_json v1.0.151
   Compiling digest v0.11.3
   Compiling bincode_derive v2.0.1
   Compiling num-rational v0.4.2
   Compiling cpufeatures v0.3.1
   Compiling simba v0.9.1
   Compiling brotli-decompressor v5.0.3
   Compiling tinyvec_macros v0.1.1
   Compiling memchr v2.8.3
   Compiling unty v0.0.4
   Compiling indexmap v2.14.2
   Compiling utf8_iter v1.0.4
   Compiling itoa v1.0.18
   Compiling tinyvec v1.12.0
   Compiling sha2 v0.11.0
   Compiling synstructure v0.14.0
   Compiling zerovec-derive v0.11.6
   Compiling zerofrom-derive v0.1.8
   Compiling yoke-derive v0.8.3
   Compiling displaydoc v0.2.7
   Compiling serde_derive v1.0.229
   Compiling zerofrom v0.1.8
   Compiling brotli v8.0.4
   Compiling yoke v0.8.3
   Compiling nalgebra-macros v0.3.0
   Compiling zerotrie v0.2.5
   Compiling block-buffer v0.10.4
   Compiling zerovec v0.11.8
   Compiling crypto-common v0.1.7
   Compiling unicode-segmentation v1.13.3
   Compiling byteorder v1.5.0
   Compiling base64 v0.22.1
   Compiling seahash v4.1.0
   Compiling shlex v2.0.1
   Compiling find-msvc-tools v0.1.14
   Compiling digest v0.10.7
   Compiling cc v1.5.1
   Compiling unicode-normalization v0.1.25
   Compiling grapheme_macro v2.0.0
   Compiling cpufeatures v0.2.17
   Compiling getrandom v0.4.3
   Compiling smallvec v1.16.2
   Compiling tinystr v0.8.4
   Compiling potential_utf v0.1.6
   Compiling icu_locale_core v2.3.0
   Compiling icu_collections v2.3.0
   Compiling sha2 v0.10.9
   Compiling winnow v1.0.4
   Compiling mech-stdlib v0.3.5 (/private/tmp/mech-v04-extraction/external/stdlib)
   Compiling arrayvec v0.7.8
   Compiling toml_datetime v0.7.5+spec-1.1.0
   Compiling winnow v0.7.15
   Compiling toml_parser v1.1.3+spec-1.1.0
   Compiling toml_writer v1.1.2+spec-1.1.0
   Compiling constant_time_eq v0.4.2
   Compiling uuid v1.26.1
   Compiling icu_provider v2.3.1
   Compiling blake3 v1.8.7
   Compiling icu_properties v2.3.0
   Compiling bincode v2.0.1
   Compiling nalgebra v0.34.2
   Compiling toml_edit v0.23.10+spec-1.0.0
   Compiling grapheme v1.3.0
   Compiling mech-core v0.3.5 (/private/tmp/mech-v04-extraction/mech/src/core)
   Compiling mech-engine v0.3.5 (/private/tmp/mech-v04-extraction/mech/src/engine)
   Compiling mech-math v0.3.5 (/private/tmp/mech-v04-extraction/external/machines/math)
   Compiling mech-runtime v0.3.5 (/private/tmp/mech-v04-extraction/mech/src/runtime)
   Compiling bytecode-runtime-consumer v0.0.0 (/private/tmp/mech-v04-extraction/mech/tests/fixtures/bytecode-runtime-consumer)
    Finished `dev` profile [unoptimized] target(s) in 1m 09s
     Running `/private/tmp/mech-v04-target-extraction/extracted/debug/bytecode-runtime-consumer tests/architecture/bytecode-v1/scalar-add-f64.mecb`
