     Locking 147 packages to latest Rust 1.92 compatible versions
      Adding sha2 v0.10.9 (available: v0.11.0)
      Adding tinyvec v1.12.0 (available: v1.13.3)
    Blocking waiting for file lock on build directory
    Checking typenum v1.20.1
    Checking bytemuck v1.25.2
    Checking libm v0.2.16
    Checking libc v0.2.189
    Checking cfg-if v1.0.5
    Checking rawpointer v0.2.1
    Checking equivalent v1.0.2
    Checking hashbrown v0.17.1
    Checking matrixmultiply v0.3.11
    Checking zerofrom v0.1.8
    Checking crc32fast v1.5.2
    Checking stable_deref_trait v1.2.1
    Checking seahash v4.1.0
    Checking byteorder v1.5.0
    Checking yoke v0.8.3
    Checking safe_arch v0.7.4
    Checking wide v0.7.33
    Checking writeable v0.6.4
    Checking zerovec v0.11.8
    Checking litemap v0.8.3
    Checking zerotrie v0.2.5
    Checking tinyvec_macros v0.1.1
   Compiling serde_core v1.0.229
    Checking utf8_iter v1.0.4
    Checking indexmap v2.14.2
    Checking cpufeatures v0.3.1
    Checking tinyvec v1.12.0
    Checking icu_properties_data v2.3.0
   Compiling serde v1.0.229
    Checking tinystr v0.8.4
    Checking icu_locale_core v2.3.0
    Checking potential_utf v0.1.6
    Checking icu_collections v2.3.0
    Checking unicode-normalization v0.1.25
    Checking num-traits v0.2.19
    Checking hybrid-array v0.4.15
    Checking generic-array v0.14.7
    Checking cpufeatures v0.2.17
    Checking unicode-segmentation v1.13.3
    Checking icu_provider v2.3.1
    Checking num-integer v0.1.47
    Checking num-complex v0.4.6
    Checking block-buffer v0.12.1
    Checking crypto-common v0.2.2
    Checking approx v0.5.1
    Checking block-buffer v0.10.4
    Checking crypto-common v0.1.7
    Checking either v1.18.0
    Checking smallvec v1.16.2
    Checking digest v0.10.7
    Checking num-rational v0.4.2
    Checking icu_properties v2.3.0
    Checking sha2 v0.10.9
   Compiling mech-stdlib v0.3.5 (/private/tmp/mech-v04-extraction/external/stdlib)
    Checking itertools v0.14.0
    Checking simba v0.9.1
    Checking digest v0.11.3
    Checking sha2 v0.11.0
    Checking grapheme v1.3.0
    Checking nalgebra v0.34.2
    Checking mech-core v0.3.5 (/private/tmp/mech-v04-extraction/mech/src/core)
    Checking mech-compare v0.3.5 (/private/tmp/mech-v04-extraction/external/machines/compare)
    Checking mech-matrix v0.3.5 (/private/tmp/mech-v04-extraction/external/machines/matrix)
    Checking mech-combinatorics v0.3.5 (/private/tmp/mech-v04-extraction/external/machines/combinatorics)
    Checking mech-set v0.3.5 (/private/tmp/mech-v04-extraction/external/machines/set)
    Checking mech-string v0.3.5 (/private/tmp/mech-v04-extraction/external/machines/string)
    Checking mech-range v0.3.5 (/private/tmp/mech-v04-extraction/external/machines/range)
    Checking mech-engine v0.3.5 (/private/tmp/mech-v04-extraction/mech/src/engine)
    Checking mech-stats v0.3.5 (/private/tmp/mech-v04-extraction/external/machines/stats)
    Checking mech-math v0.3.5 (/private/tmp/mech-v04-extraction/external/machines/math)
    Checking mech-logic v0.3.5 (/private/tmp/mech-v04-extraction/external/machines/logic)
    Finished `dev` profile [unoptimized] target(s) in 41.64s
