   Compiling unicode-ident v1.0.24
   Compiling proc-macro2 v1.0.107
   Compiling quote v1.0.47
   Compiling wasm-bindgen-shared v0.2.126
    Checking cfg-if v1.0.4
   Compiling autocfg v1.5.1
   Compiling rustversion v1.0.23
   Compiling serde_core v1.0.229
    Checking typenum v1.20.1
   Compiling libm v0.2.16
   Compiling bumpalo v3.20.3
   Compiling num-traits v0.2.19
    Checking stable_deref_trait v1.2.1
    Checking futures-core v0.3.33
    Checking once_cell v1.21.4
    Checking futures-task v0.3.33
    Checking pin-project-lite v0.2.17
   Compiling serde v1.0.229
    Checking slab v0.4.12
   Compiling version_check v0.9.5
   Compiling syn v2.0.119
   Compiling syn v3.0.3
    Checking futures-util v0.3.33
   Compiling wasm-bindgen v0.2.126
   Compiling zmij v1.0.23
   Compiling generic-array v0.14.7
    Checking hybrid-array v0.4.14
   Compiling serde_json v1.0.151
    Checking itoa v1.0.18
    Checking bytemuck v1.25.2
   Compiling paste v1.0.15
    Checking safe_arch v0.7.4
   Compiling matrixmultiply v0.3.11
    Checking alloc-no-stdlib v2.0.4
    Checking memchr v2.8.3
    Checking alloc-stdlib v0.2.4
    Checking block-buffer v0.12.1
    Checking crypto-common v0.2.2
    Checking approx v0.5.1
    Checking num-integer v0.1.46
    Checking num-complex v0.4.6
    Checking wide v0.7.33
    Checking equivalent v1.0.2
   Compiling crc32fast v1.5.0
    Checking unicode-width v0.2.2
    Checking fnv v1.0.7
    Checking writeable v0.6.3
   Compiling virtue v0.0.18
    Checking litemap v0.8.2
   Compiling icu_properties_data v2.2.0
    Checking bytecount v0.6.9
    Checking hashbrown v0.17.1
    Checking rawpointer v0.2.1
    Checking papergrid v0.17.0
   Compiling serde_derive v1.0.229
    Checking digest v0.11.3
   Compiling bincode_derive v2.0.1
    Checking indexmap v2.14.0
    Checking num-rational v0.4.2
    Checking brotli-decompressor v5.0.3
    Checking tinyvec_macros v0.1.1
    Checking unty v0.0.4
    Checking utf8_iter v1.0.4
    Checking tinyvec v1.12.0
    Checking sha2 v0.11.0
    Checking tabled v0.20.0
    Checking crypto-common v0.1.7
    Checking block-buffer v0.10.4
    Checking byteorder v1.5.0
    Checking base64 v0.22.1
    Checking simba v0.9.1
    Checking seahash v4.1.0
   Compiling find-msvc-tools v0.1.9
   Compiling unicode-segmentation v1.13.3
   Compiling shlex v2.0.1
    Checking brotli v8.0.4
   Compiling cc v1.3.0
    Checking digest v0.10.7
    Checking unicode-normalization v0.1.25
    Checking colored v3.1.1
    Checking smallvec v1.15.2
    Checking sha2 v0.10.9
    Checking winnow v1.0.4
    Checking arrayref v0.3.9
    Checking arrayvec v0.7.8
    Checking constant_time_eq v0.4.2
   Compiling thiserror v1.0.69
    Checking toml_parser v1.1.2+spec-1.1.0
   Compiling synstructure v0.13.2
   Compiling wasm-bindgen-macro-support v0.2.126
   Compiling blake3 v1.8.5
    Checking toml_datetime v0.7.5+spec-1.1.0
    Checking winnow v0.7.15
    Checking toml_writer v1.1.2+spec-1.1.0
    Checking bytes v1.12.1
    Checking futures-channel v0.3.33
    Checking futures-sink v0.3.33
    Checking adler2 v2.0.1
    Checking miniz_oxide v0.8.9
   Compiling zerofrom-derive v0.1.7
   Compiling yoke-derive v0.8.2
   Compiling zerovec-derive v0.11.3
   Compiling displaydoc v0.2.6
   Compiling nalgebra-macros v0.3.0
    Checking bincode v2.0.1
    Checking zerofrom v0.1.8
    Checking yoke v0.8.3
   Compiling grapheme_macro v2.0.0
   Compiling thiserror-impl v1.0.69
   Compiling pin-project-internal v1.1.13
    Checking zerovec v0.11.6
    Checking zerotrie v0.2.4
    Checking toml_edit v0.23.10+spec-1.0.0
    Checking http v1.4.2
    Checking tinystr v0.8.3
    Checking potential_utf v0.1.5
    Checking icu_collections v2.2.0
    Checking pin-project v1.1.13
    Checking icu_locale_core v2.2.0
    Checking nalgebra v0.34.2
   Compiling wasm-bindgen-macro v0.2.126
    Checking icu_provider v2.2.0
    Checking icu_properties v2.2.0
    Checking grapheme v1.3.0
    Checking js-sys v0.3.103
    Checking uuid v1.24.0
    Checking mech-core v0.3.5 (/private/tmp/mech-v04-extraction/mech/src/core)
    Checking web-time v1.1.0
    Checking web-sys v0.3.103
    Checking wasm-bindgen-futures v0.4.76
    Checking serde-wasm-bindgen v0.6.5
    Checking mech-syntax v0.3.5 (/private/tmp/mech-v04-extraction/mech/src/syntax)
    Checking mech-engine v0.3.5 (/private/tmp/mech-v04-extraction/mech/src/engine)
    Checking gloo-utils v0.2.0
    Checking gloo-net v0.6.0
    Checking mech-runtime v0.3.5 (/private/tmp/mech-v04-extraction/mech/src/runtime)
    Checking mech-stdlib v0.3.5 (/private/tmp/mech-v04-extraction/external/stdlib)
    Checking mech-console v0.3.5 (/private/tmp/mech-v04-extraction/mech/hosts/console)
    Checking mech-wasm v0.3.5 (/private/tmp/mech-v04-extraction/mech/src/wasm)
    Finished `dev` profile [unoptimized] target(s) in 1m 54s
