    Blocking waiting for file lock on build directory
   Compiling libc v0.2.189
    Checking smallvec v1.15.2
    Checking serde_core v1.0.229
    Checking memchr v2.8.3
    Checking log v0.4.33
   Compiling syn v2.0.119
   Compiling num-traits v0.2.19
   Compiling syn v3.0.3
    Checking bytes v1.12.1
   Compiling parking_lot_core v0.9.12
    Checking scopeguard v1.2.0
    Checking bitflags v2.13.1
    Checking lock_api v0.4.14
    Checking wide v0.7.33
   Compiling find-msvc-tools v0.1.9
    Checking num-complex v0.4.6
    Checking approx v0.5.1
    Checking num-integer v0.1.46
    Checking pin-project-lite v0.2.17
    Checking num-rational v0.4.2
   Compiling jobserver v0.1.35
    Checking parking_lot v0.12.5
    Checking errno v0.3.14
    Checking cpufeatures v0.3.0
    Checking sha2 v0.11.0
    Checking signal-hook-registry v1.4.8
    Checking core-foundation-sys v0.8.7
   Compiling cc v1.3.0
    Checking mio v1.2.2
    Checking once_cell v1.21.4
    Checking futures-core v0.3.33
    Checking socket2 v0.6.5
    Checking futures-sink v0.3.33
    Checking simba v0.9.1
    Checking cpufeatures v0.2.17
    Checking slab v0.4.12
   Compiling cranelift-srcgen v0.131.3
    Checking indexmap v2.14.0
    Checking serde_json v1.0.151
    Checking foldhash v0.2.0
    Checking hashbrown v0.16.1
   Compiling cranelift-assembler-x64-meta v0.131.3
   Compiling cmake v0.1.58
   Compiling pkg-config v0.3.33
   Compiling fs_extra v1.3.0
   Compiling wasmtime-internal-core v44.0.3
   Compiling dunce v1.0.5
    Checking http v1.4.2
    Checking futures-task v0.3.33
   Compiling icu_normalizer_data v2.2.0
   Compiling aws-lc-sys v0.43.0
   Compiling httparse v1.10.1
    Checking futures-io v0.3.33
    Checking futures-util v0.3.33
   Compiling synstructure v0.13.2
   Compiling serde_derive v1.0.229
    Checking core-foundation v0.9.4
   Compiling cfg_aliases v0.1.1
    Checking percent-encoding v2.3.2
   Compiling zerocopy v0.8.55
   Compiling cranelift-isle v0.131.3
   Compiling thiserror v1.0.69
    Checking tracing-core v0.1.36
   Compiling heck v0.5.0
   Compiling cranelift-codegen-shared v0.131.3
   Compiling aws-lc-rs v1.17.3
   Compiling cranelift-codegen-meta v0.131.3
    Checking tracing v0.1.44
   Compiling zerofrom-derive v0.1.7
   Compiling yoke-derive v0.8.2
    Checking zerofrom v0.1.8
   Compiling zerovec-derive v0.11.3
   Compiling displaydoc v0.2.6
    Checking serde v1.0.229
    Checking yoke v0.8.3
   Compiling nalgebra-macros v0.3.0
    Checking zerotrie v0.2.4
    Checking zerovec v0.11.6
    Checking nalgebra v0.34.2
   Compiling tokio-macros v2.7.1
    Checking bincode v2.0.1
   Compiling thiserror-impl v1.0.69
    Checking cranelift-bitset v0.131.3
   Compiling cranelift-assembler-x64 v0.131.3
    Checking tinystr v0.8.3
    Checking potential_utf v0.1.5
    Checking icu_collections v2.2.0
    Checking icu_locale_core v2.2.0
    Checking tokio v1.53.1
    Checking arrayvec v0.7.8
   Compiling target-lexicon v0.13.5
    Checking allocator-api2 v0.2.21
    Checking bitflags v1.3.2
    Checking zeroize v1.9.0
    Checking bumpalo v3.20.3
    Checking icu_provider v2.2.0
    Checking cranelift-entity v0.131.3
    Checking icu_properties v2.2.0
    Checking icu_normalizer v2.2.0
   Compiling cranelift-codegen v0.131.3
   Compiling grapheme_macro v2.0.0
    Checking form_urlencoded v1.2.2
    Checking ppv-lite86 v0.2.21
    Checking sha2 v0.10.9
    Checking http v0.2.12
    Checking try-lock v0.2.5
    Checking rustc-hash v2.1.3
    Checking arbitrary v1.4.2
    Checking tower-service v0.3.3
    Checking regalloc2 v0.15.2
    Checking want v0.3.1
    Checking idna_adapter v1.2.2
    Checking idna v1.1.0
    Checking grapheme v1.3.0
    Checking cranelift-control v0.131.3
    Checking cranelift-bforest v0.131.3
    Checking rustls-pki-types v1.15.1
    Checking http-body v1.1.0
   Compiling foreign-types-macros v0.2.4
    Checking gimli v0.33.0
    Checking futures-channel v0.3.33
    Checking getrandom v0.2.17
    Checking malloc_buf v0.0.6
   Compiling system-configuration-sys v0.6.0
    Checking untrusted v0.9.0
    Checking bit-vec v0.6.3
    Checking termcolor v1.4.1
    Checking foreign-types-shared v0.3.1
   Compiling rustls v0.23.42
    Checking unicode-width v0.1.14
    Checking codespan-reporting v0.11.1
    Checking foreign-types v0.5.0
    Checking bit-set v0.5.3
    Checking objc v0.2.7
    Checking rand_core v0.6.4
    Checking url v2.5.8
    Checking core-graphics-types v0.1.3
    Checking tokio-util v0.7.19
   Compiling wgpu-hal v0.21.1
   Compiling blake3 v1.8.5
    Checking adler2 v2.0.1
   Compiling getrandom v0.3.4
    Checking winnow v1.0.4
   Compiling anyhow v1.0.104
   Compiling litrs v1.0.0
    Checking simd-adler32 v0.3.10
    Checking unicode-xid v0.2.6
   Compiling objc2 v0.6.4
    Checking hexf-parse v0.2.1
    Checking rustc-hash v1.1.0
    Checking subtle v2.6.1
    Checking block v0.1.6
    Checking atomic-waker v1.1.2
    Checking mime v0.3.17
    Checking metal v0.28.0
   Compiling document-features v0.2.12
    Checking h2 v0.4.15
    Checking naga v0.20.0
    Checking mech-core v0.3.5 (/private/tmp/mech-v04-extraction/mech/src/core)
    Checking miniz_oxide v0.8.9
    Checking toml_parser v1.1.2+spec-1.1.0
    Checking rand_chacha v0.3.1
    Checking getrandom v0.4.3
   Compiling wgpu-core v0.21.1
    Checking sha1 v0.10.7
    Checking wgpu-types v0.20.0
    Checking libloading v0.8.9
   Compiling signal-hook v0.3.18
   Compiling time-core v0.1.9
    Checking constant_time_eq v0.4.2
    Checking toml_datetime v0.7.5+spec-1.1.0
   Compiling cfg_aliases v0.2.2
    Checking toml_writer v1.1.2+spec-1.1.0
    Checking profiling v1.0.18
   Compiling num-conv v0.2.2
    Checking utf8parse v0.2.2
    Checking objc2-encode v4.1.0
    Checking arrayref v0.3.9
    Checking raw-window-handle v0.6.2
    Checking winnow v0.7.15
   Compiling unicase v2.9.0
   Compiling mime_guess v2.0.5
    Checking anstyle-parse v1.0.0
   Compiling time-macros v0.2.32
   Compiling nix v0.31.3
   Compiling toml v0.5.11
    Checking hyper v1.11.0
    Checking uuid v1.24.0
    Checking toml_edit v0.23.10+spec-1.0.0
    Checking rand v0.8.7
    Checking system-configuration v0.7.0
    Checking flate2 v1.1.9
   Compiling wgpu v0.20.1
   Compiling convert_case v0.10.0
    Checking sync_wrapper v1.0.2
    Checking security-framework-sys v2.17.0
    Checking core-foundation v0.10.1
    Checking mach2 v0.4.3
   Compiling multer v2.1.0
    Checking encoding_rs v0.8.35
    Checking ryu v1.0.23
    Checking colorchoice v1.0.5
    Checking data-encoding v2.11.0
   Compiling crossbeam-utils v0.8.22
    Checking anstyle v1.0.14
    Checking deranged v0.5.8
    Checking compression-core v0.4.32
    Checking is_terminal_polyfill v1.70.2
    Checking utf-8 v0.7.6
   Compiling portable-atomic v1.14.0
    Checking ipnet v2.12.0
    Checking powerfmt v0.2.0
    Checking httpdate v1.0.3
   Compiling rustix v1.1.4
    Checking anstyle-query v1.1.5
    Checking tower-layer v0.3.3
    Checking tower v0.5.3
    Checking anstream v1.0.0
    Checking hyper-util v0.1.20
    Checking tungstenite v0.21.0
    Checking compression-codecs v0.4.38
    Checking region v3.0.2
    Checking security-framework v3.7.0
    Checking time v0.3.54
   Compiling derive_more-impl v2.1.1
    Checking rand_core v0.9.5
   Compiling winres v0.1.12
    Checking block2 v0.6.2
    Checking h2 v0.3.27
    Checking headers-core v0.2.0
    Checking http-body v0.4.6
   Compiling pin-project-internal v1.1.13
    Checking wasmtime-internal-jit-icache-coherence v44.0.3
    Checking filetime v0.2.29
    Checking socket2 v0.5.10
    Checking crc-catalog v2.5.0
    Checking strsim v0.11.1
    Checking clap_lex v1.1.0
    Checking spin v0.9.9
    Checking same-file v1.0.6
    Checking static_assertions v1.1.0
    Checking base64 v0.21.7
    Checking bit-vec v0.7.0
    Checking headers v0.3.9
    Checking bit-set v0.6.0
    Checking pin-project v1.1.13
    Checking walkdir v2.5.0
    Checking clap_builder v4.6.2
    Checking crc v3.4.0
    Checking filetime_creation v0.2.0
   Compiling mech v0.3.6 (/private/tmp/mech-v04-extraction/mech)
    Checking dispatch2 v0.3.1
    Checking signal-hook-mio v0.2.5
    Checking rand_chacha v0.9.0
    Checking nt-time v0.8.1
    Checking derive_more v2.1.1
    Checking tokio-tungstenite v0.21.0
    Checking async-compression v0.4.42
    Checking tower-http v0.6.11
    Checking serde_urlencoded v0.7.1
    Checking http-body-util v0.1.4
    Checking console v0.16.4
    Checking iana-time-zone v0.1.65
    Checking fsevent-sys v4.1.0
    Checking notify-types v2.1.0
    Checking csv-core v0.1.13
    Checking lzma-rust v0.1.7
   Compiling include_dir_macros v0.7.4
    Checking mech-bytecode v0.3.5 (/private/tmp/mech-v04-extraction/mech/src/bytecode)
    Checking mech-syntax v0.3.5 (/private/tmp/mech-v04-extraction/mech/src/syntax)
    Checking mech-string v0.3.5 (/private/tmp/mech-v04-extraction/external/machines/string)
    Checking hyper v0.14.32
    Checking mech-set v0.3.5 (/private/tmp/mech-v04-extraction/external/machines/set)
    Checking mech-compare v0.3.5 (/private/tmp/mech-v04-extraction/external/machines/compare)
    Checking mech-matrix v0.3.5 (/private/tmp/mech-v04-extraction/external/machines/matrix)
    Checking mech-math v0.3.5 (/private/tmp/mech-v04-extraction/external/machines/math)
    Checking mech-stats v0.3.5 (/private/tmp/mech-v04-extraction/external/machines/stats)
    Checking mech-range v0.3.5 (/private/tmp/mech-v04-extraction/external/machines/range)
    Checking mech-combinatorics v0.3.5 (/private/tmp/mech-v04-extraction/external/machines/combinatorics)
    Checking mech-logic v0.3.5 (/private/tmp/mech-v04-extraction/external/machines/logic)
    Checking pollster v0.3.0
    Checking scoped-tls v1.0.1
    Checking minimal-lexical v0.2.1
    Checking unit-prefix v0.5.2
    Checking web-time v1.1.0
    Checking glob v0.3.4
    Checking include_dir v0.7.4
    Checking indicatif v0.18.6
    Checking nom v7.1.3
    Checking sevenz-rust v0.6.1
    Checking mech-engine v0.3.5 (/private/tmp/mech-v04-extraction/mech/src/engine)
    Checking notify v8.2.0
    Checking cranelift-native v0.131.3
    Checking cranelift-module v0.131.3
    Checking cranelift-frontend v0.131.3
    Checking cranelift-jit v0.131.3
    Checking csv v1.4.0
    Checking crossterm v0.29.0
    Checking warp v0.3.7
    Checking chrono v0.4.45
    Checking clap v4.6.4
    Checking crossbeam-channel v0.5.16
    Checking ctrlc v3.5.2
    Checking rand v0.9.5
    Checking rustls-webpki v0.103.13
    Checking tokio-rustls v0.26.4
    Checking rustls-platform-verifier v0.7.0
    Checking hyper-rustls v0.27.9
    Checking reqwest v0.13.4
    Checking mech-compute v0.3.5 (/private/tmp/mech-v04-extraction/mech/src/compute)
    Checking mech-runtime v0.3.5 (/private/tmp/mech-v04-extraction/mech/src/runtime)
    Checking mech-gpu v0.3.5 (/private/tmp/mech-v04-extraction/mech/hosts/gpu)
    Checking mech-browser v0.3.5 (/private/tmp/mech-v04-extraction/mech/hosts/browser)
    Checking mech-stdlib v0.3.5 (/private/tmp/mech-v04-extraction/external/stdlib)
    Finished `dev` profile [unoptimized] target(s) in 5m 47s
